Archive member included to satisfy reference by file (symbol)

d:/gcc-arm-none-eabi-10.3-2021.10/bin/../lib/gcc/arm-none-eabi/10.3.1/thumb/v7e-m+fp/hard\libgcc.a(_aeabi_uldivmod.o)
                              CMakeFiles/Robomaster_A.elf.dir/Drivers/STM32F4xx_HAL_Driver/Src/stm32f4xx_hal_rcc.c.obj (__aeabi_uldivmod)
d:/gcc-arm-none-eabi-10.3-2021.10/bin/../lib/gcc/arm-none-eabi/10.3.1/thumb/v7e-m+fp/hard\libgcc.a(_udivmoddi4.o)
                              d:/gcc-arm-none-eabi-10.3-2021.10/bin/../lib/gcc/arm-none-eabi/10.3.1/thumb/v7e-m+fp/hard\libgcc.a(_aeabi_uldivmod.o) (__udivmoddi4)
d:/gcc-arm-none-eabi-10.3-2021.10/bin/../lib/gcc/arm-none-eabi/10.3.1/thumb/v7e-m+fp/hard\libgcc.a(_dvmd_tls.o)
                              d:/gcc-arm-none-eabi-10.3-2021.10/bin/../lib/gcc/arm-none-eabi/10.3.1/thumb/v7e-m+fp/hard\libgcc.a(_aeabi_uldivmod.o) (__aeabi_ldiv0)
d:/gcc-arm-none-eabi-10.3-2021.10/bin/../lib/gcc/arm-none-eabi/10.3.1/../../../../arm-none-eabi/lib/thumb/v7e-m+fp/hard\libg.a(lib_a-errno.o)
                              CMakeFiles/Robomaster_A.elf.dir/Core/Src/syscalls.c.obj (__errno)
d:/gcc-arm-none-eabi-10.3-2021.10/bin/../lib/gcc/arm-none-eabi/10.3.1/../../../../arm-none-eabi/lib/thumb/v7e-m+fp/hard\libg.a(lib_a-exit.o)
                              d:/gcc-arm-none-eabi-10.3-2021.10/bin/../lib/gcc/arm-none-eabi/10.3.1/../../../../arm-none-eabi/lib/thumb/v7e-m+fp/hard/crt0.o (exit)
d:/gcc-arm-none-eabi-10.3-2021.10/bin/../lib/gcc/arm-none-eabi/10.3.1/../../../../arm-none-eabi/lib/thumb/v7e-m+fp/hard\libg.a(lib_a-impure.o)
                              d:/gcc-arm-none-eabi-10.3-2021.10/bin/../lib/gcc/arm-none-eabi/10.3.1/../../../../arm-none-eabi/lib/thumb/v7e-m+fp/hard\libg.a(lib_a-exit.o) (_global_impure_ptr)
d:/gcc-arm-none-eabi-10.3-2021.10/bin/../lib/gcc/arm-none-eabi/10.3.1/../../../../arm-none-eabi/lib/thumb/v7e-m+fp/hard\libg.a(lib_a-init.o)
                              d:/gcc-arm-none-eabi-10.3-2021.10/bin/../lib/gcc/arm-none-eabi/10.3.1/../../../../arm-none-eabi/lib/thumb/v7e-m+fp/hard/crt0.o (__libc_init_array)
d:/gcc-arm-none-eabi-10.3-2021.10/bin/../lib/gcc/arm-none-eabi/10.3.1/../../../../arm-none-eabi/lib/thumb/v7e-m+fp/hard\libg.a(lib_a-memcpy.o)
                              CMakeFiles/Robomaster_A.elf.dir/Middlewares/Third_Party/FreeRTOS/Source/queue.c.obj (memcpy)
d:/gcc-arm-none-eabi-10.3-2021.10/bin/../lib/gcc/arm-none-eabi/10.3.1/../../../../arm-none-eabi/lib/thumb/v7e-m+fp/hard\libg.a(lib_a-memset.o)
                              d:/gcc-arm-none-eabi-10.3-2021.10/bin/../lib/gcc/arm-none-eabi/10.3.1/../../../../arm-none-eabi/lib/thumb/v7e-m+fp/hard/crt0.o (memset)
d:/gcc-arm-none-eabi-10.3-2021.10/bin/../lib/gcc/arm-none-eabi/10.3.1/../../../../arm-none-eabi/lib/thumb/v7e-m+fp/hard\libg.a(lib_a-setvbuf.o)
                              CMakeFiles/Robomaster_A.elf.dir/User_Core/Src/retarget.c.obj (setvbuf)
d:/gcc-arm-none-eabi-10.3-2021.10/bin/../lib/gcc/arm-none-eabi/10.3.1/../../../../arm-none-eabi/lib/thumb/v7e-m+fp/hard\libg.a(lib_a-vsnprintf.o)
                              CMakeFiles/Robomaster_A.elf.dir/User_Core/Src/printf.c.obj (vsnprintf)
d:/gcc-arm-none-eabi-10.3-2021.10/bin/../lib/gcc/arm-none-eabi/10.3.1/../../../../arm-none-eabi/lib/thumb/v7e-m+fp/hard\libg.a(lib_a-__call_atexit.o)
                              d:/gcc-arm-none-eabi-10.3-2021.10/bin/../lib/gcc/arm-none-eabi/10.3.1/../../../../arm-none-eabi/lib/thumb/v7e-m+fp/hard\libg.a(lib_a-exit.o) (__call_exitprocs)
d:/gcc-arm-none-eabi-10.3-2021.10/bin/../lib/gcc/arm-none-eabi/10.3.1/../../../../arm-none-eabi/lib/thumb/v7e-m+fp/hard\libg.a(lib_a-atexit.o)
                              d:/gcc-arm-none-eabi-10.3-2021.10/bin/../lib/gcc/arm-none-eabi/10.3.1/../../../../arm-none-eabi/lib/thumb/v7e-m+fp/hard\libg.a(lib_a-__call_atexit.o) (atexit)
d:/gcc-arm-none-eabi-10.3-2021.10/bin/../lib/gcc/arm-none-eabi/10.3.1/../../../../arm-none-eabi/lib/thumb/v7e-m+fp/hard\libg.a(lib_a-fflush.o)
                              d:/gcc-arm-none-eabi-10.3-2021.10/bin/../lib/gcc/arm-none-eabi/10.3.1/../../../../arm-none-eabi/lib/thumb/v7e-m+fp/hard\libg.a(lib_a-setvbuf.o) (_fflush_r)
d:/gcc-arm-none-eabi-10.3-2021.10/bin/../lib/gcc/arm-none-eabi/10.3.1/../../../../arm-none-eabi/lib/thumb/v7e-m+fp/hard\libg.a(lib_a-findfp.o)
                              d:/gcc-arm-none-eabi-10.3-2021.10/bin/../lib/gcc/arm-none-eabi/10.3.1/../../../../arm-none-eabi/lib/thumb/v7e-m+fp/hard\libg.a(lib_a-setvbuf.o) (__sinit)
d:/gcc-arm-none-eabi-10.3-2021.10/bin/../lib/gcc/arm-none-eabi/10.3.1/../../../../arm-none-eabi/lib/thumb/v7e-m+fp/hard\libg.a(lib_a-fini.o)
                              d:/gcc-arm-none-eabi-10.3-2021.10/bin/../lib/gcc/arm-none-eabi/10.3.1/../../../../arm-none-eabi/lib/thumb/v7e-m+fp/hard\libg.a(lib_a-__call_atexit.o) (__libc_fini_array)
d:/gcc-arm-none-eabi-10.3-2021.10/bin/../lib/gcc/arm-none-eabi/10.3.1/../../../../arm-none-eabi/lib/thumb/v7e-m+fp/hard\libg.a(lib_a-freer.o)
[...]
Memory Configuration

Name             Origin             Length             Attributes
CCMRAM           0x10000000         0x00010000         xrw
RAM              0x20000000         0x00030000         xrw
FLASH            0x08000000         0x00200000         xr
*default*        0x00000000         0xffffffff

Linker script and memory map

LOAD d:/gcc-arm-none-eabi-10.3-2021.10/bin/../lib/gcc/arm-none-eabi/10.3.1/thumb/v7e-m+fp/hard/crti.o
LOAD d:/gcc-arm-none-eabi-10.3-2021.10/bin/../lib/gcc/arm-none-eabi/10.3.1/thumb/v7e-m+fp/hard/crtbegin.o
LOAD d:/gcc-arm-none-eabi-10.3-2021.10/bin/../lib/gcc/arm-none-eabi/10.3.1/../../../../arm-none-eabi/lib/thumb/v7e-m+fp/hard/crt0.o
LOAD CMakeFiles/Robomaster_A.elf.dir/Core/Src/can.c.obj
LOAD CMakeFiles/Robomaster_A.elf.dir/Core/Src/dma.c.obj
LOAD CMakeFiles/Robomaster_A.elf.dir/Core/Src/freertos.c.obj
LOAD CMakeFiles/Robomaster_A.elf.dir/Core/Src/gpio.c.obj
LOAD CMakeFiles/Robomaster_A.elf.dir/Core/Src/main.c.obj
LOAD CMakeFiles/Robomaster_A.elf.dir/Core/Src/stm32f4xx_hal_msp.c.obj
LOAD CMakeFiles/Robomaster_A.elf.dir/Core/Src/stm32f4xx_hal_timebase_tim.c.obj
LOAD CMakeFiles/Robomaster_A.elf.dir/Core/Src/stm32f4xx_it.c.obj
LOAD CMakeFiles/Robomaster_A.elf.dir/Core/Src/syscalls.c.obj
LOAD CMakeFiles/Robomaster_A.elf.dir/Core/Src/sysmem.c.obj
LOAD CMakeFiles/Robomaster_A.elf.dir/Core/Src/system_stm32f4xx.c.obj
LOAD CMakeFiles/Robomaster_A.elf.dir/Core/Src/tim.c.obj
LOAD CMakeFiles/Robomaster_A.elf.dir/Core/Src/usart.c.obj
LOAD CMakeFiles/Robomaster_A.elf.dir/Core/Startup/startup_stm32f427iihx.s.obj
LOAD CMakeFiles/Robomaster_A.elf.dir/Drivers/STM32F4xx_HAL_Driver/Src/stm32f4xx_hal.c.obj
LOAD CMakeFiles/Robomaster_A.elf.dir/Drivers/STM32F4xx_HAL_Driver/Src/stm32f4xx_hal_can.c.obj
LOAD CMakeFiles/Robomaster_A.elf.dir/Drivers/STM32F4xx_HAL_Driver/Src/stm32f4xx_hal_cortex.c.obj
LOAD CMakeFiles/Robomaster_A.elf.dir/Drivers/STM32F4xx_HAL_Driver/Src/stm32f4xx_hal_dma.c.obj
LOAD CMakeFiles/Robomaster_A.elf.dir/Drivers/STM32F4xx_HAL_Driver/Src/stm32f4xx_hal_dma_ex.c.obj
LOAD CMakeFiles/Robomaster_A.elf.dir/Drivers/STM32F4xx_HAL_Driver/Src/stm32f4xx_hal_exti.c.obj
LOAD CMakeFiles/Robomaster_A.elf.dir/Drivers/STM32F4xx_HAL_Driver/Src/stm32f4xx_hal_flash.c.obj
LOAD CMakeFiles/Robomaster_A.elf.dir/Drivers/STM32F4xx_HAL_Driver/Src/stm32f4xx_hal_flash_ex.c.obj
LOAD CMakeFiles/Robomaster_A.elf.dir/Drivers/STM32F4xx_HAL_Driver/Src/stm32f4xx_hal_flash_ramfunc.c.obj
LOAD CMakeFiles/Robomaster_A.elf.dir/Drivers/STM32F4xx_HAL_Driver/Src/stm32f4xx_hal_gpio.c.obj
LOAD CMakeFiles/Robomaster_A.elf.dir/Drivers/STM32F4xx_HAL_Driver/Src/stm32f4xx_hal_pwr.c.obj
LOAD CMakeFiles/Robomaster_A.elf.dir/Drivers/STM32F4xx_HAL_Driver/Src/stm32f4xx_hal_pwr_ex.c.obj
LOAD CMakeFiles/Robomaster_A.elf.dir/Drivers/STM32F4xx_HAL_Driver/Src/stm32f4xx_hal_rcc.c.obj
LOAD CMakeFiles/Robomaster_A.elf.dir/Drivers/STM32F4xx_HAL_Driver/Src/stm32f4xx_hal_rcc_ex.c.obj
LOAD CMakeFiles/Robomaster_A.elf.dir/Drivers/STM32F4xx_HAL_Driver/Src/stm32f4xx_hal_tim.c.obj
LOAD CMakeFiles/Robomaster_A.elf.dir/Drivers/STM32F4xx_HAL_Driver/Src/stm32f4xx_hal_tim_ex.c.obj
LOAD CMakeFiles/Robomaster_A.elf.dir/Drivers/STM32F4xx_HAL_Driver/Src/stm32f4xx_hal_uart.c.obj
LOAD CMakeFiles/Robomaster_A.elf.dir/Middlewares/Third_Party/FreeRTOS/Source/CMSIS_RTOS/cmsis_os.c.obj
LOAD CMakeFiles/Robomaster_A.elf.dir/Middlewares/Third_Party/FreeRTOS/Source/croutine.c.obj
LOAD CMakeFiles/Robomaster_A.elf.dir/Middlewares/Third_Party/FreeRTOS/Source/event_groups.c.obj
LOAD CMakeFiles/Robomaster_A.elf.dir/Middlewares/Third_Party/FreeRTOS/Source/list.c.obj
LOAD CMakeFiles/Robomaster_A.elf.dir/Middlewares/Third_Party/FreeRTOS/Source/portable/GCC/ARM_CM4F/port.c.obj
LOAD CMakeFiles/Robomaster_A.elf.dir/Middlewares/Third_Party/FreeRTOS/Source/portable/MemMang/heap_4.c.obj
LOAD CMakeFiles/Robomaster_A.elf.dir/Middlewares/Third_Party/FreeRTOS/Source/queue.c.obj
LOAD CMakeFiles/Robomaster_A.elf.dir/Middlewares/Third_Party/FreeRTOS/Source/stream_buffer.c.obj
LOAD CMakeFiles/Robomaster_A.elf.dir/Middlewares/Third_Party/FreeRTOS/Source/tasks.c.obj
LOAD CMakeFiles/Robomaster_A.elf.dir/Middlewares/Third_Party/FreeRTOS/Source/timers.c.obj
LOAD CMakeFiles/Robomaster_A.elf.dir/User_Core/Src/Key.c.obj
LOAD CMakeFiles/Robomaster_A.elf.dir/User_Core/Src/LED.c.obj
LOAD CMakeFiles/Robomaster_A.elf.dir/User_Core/Src/Mymain.c.obj
LOAD CMakeFiles/Robomaster_A.elf.dir/User_Core/Src/can_rec.c.obj
LOAD CMakeFiles/Robomaster_A.elf.dir/User_Core/Src/pid.c.obj
LOAD CMakeFiles/Robomaster_A.elf.dir/User_Core/Src/printf.c.obj
LOAD CMakeFiles/Robomaster_A.elf.dir/User_Core/Src/retarget.c.obj
START GROUP
LOAD d:/gcc-arm-none-eabi-10.3-2021.10/bin/../lib/gcc/arm-none-eabi/10.3.1/thumb/v7e-m+fp/hard\libgcc.a
LOAD d:/gcc-arm-none-eabi-10.3-2021.10/bin/../lib/gcc/arm-none-eabi/10.3.1/../../../../arm-none-eabi/lib/thumb/v7e-m+fp/hard\libg.a
LOAD d:/gcc-arm-none-eabi-10.3-2021.10/bin/../lib/gcc/arm-none-eabi/10.3.1/../../../../arm-none-eabi/lib/thumb/v7e-m+fp/hard\libc.a
END GROUP
LOAD d:/gcc-arm-none-eabi-10.3-2021.10/bin/../lib/gcc/arm-none-eabi/10.3.1/thumb/v7e-m+fp/hard/crtend.o
LOAD d:/gcc-arm-none-eabi-10.3-2021.10/bin/../lib/gcc/arm-none-eabi/10.3.1/thumb/v7e-m+fp/hard/crtn.o
                0x20030000                _estack = (ORIGIN (RAM) + LENGTH (RAM))
                0x00000200                _Min_Heap_Size = 0x200
                0x00000400                _Min_Stack_Size = 0x400

.isr_vector     0x08000000      0x1ac
                0x08000000                . = ALIGN (0x4)
 *(.isr_vector)
 .isr_vector    0x08000000      0x1ac CMakeFiles/Robomaster_A.elf.dir/Core/Startup/startup_stm32f427iihx.s.obj
                0x08000000                g_pfnVectors
                0x080001ac                . = ALIGN (0x4)

.text           0x080001b0     0x5dd4
                0x080001b0                . = ALIGN (0x4)
 *(.text)
 .text          0x080001b0       0x40 d:/gcc-arm-none-eabi-10.3-2021.10/bin/../lib/gcc/arm-none-eabi/10.3.1/thumb/v7e-m+fp/hard/crtbegin.o
 .text          0x080001f0       0x30 d:/gcc-arm-none-eabi-10.3-2021.10/bin/../lib/gcc/arm-none-eabi/10.3.1/thumb/v7e-m+fp/hard\libgcc.a(_aeabi_uldivmod.o)
                0x080001f0                __aeabi_uldivmod
 .text          0x08000220      0x2d0 d:/gcc-arm-none-eabi-10.3-2021.10/bin/../lib/gcc/arm-none-eabi/10.3.1/thumb/v7e-m+fp/hard\libgcc.a(_udivmoddi4.o)
                0x08000220                __udivmoddi4
 .text          0x080004f0        0x4 d:/gcc-arm-none-eabi-10.3-2021.10/bin/../lib/gcc/arm-none-eabi/10.3.1/thumb/v7e-m+fp/hard\libgcc.a(_dvmd_tls.o)
                0x080004f0                __aeabi_idiv0
                0x080004f0                __aeabi_ldiv0
 *(.text*)
 .text.MX_CAN1_Init
                0x080004f4       0x40 CMakeFiles/Robomaster_A.elf.dir/Core/Src/can.c.obj
                0x080004f4                MX_CAN1_Init
 .text.MX_CAN2_Init
                0x08000534       0x40 CMakeFiles/Robomaster_A.elf.dir/Core/Src/can.c.obj
                0x08000534                MX_CAN2_Init
 .text.HAL_CAN_MspInit
                0x08000574      0x124 CMakeFiles/Robomaster_A.elf.dir/Core/Src/can.c.obj
                0x08000574                HAL_CAN_MspInit
 .text.MX_DMA_Init
                0x08000698       0xa8 CMakeFiles/Robomaster_A.elf.dir/Core/Src/dma.c.obj
                0x08000698                MX_DMA_Init
 .text.StartDebugTask
                0x08000740       0x28 CMakeFiles/Robomaster_A.elf.dir/Core/Src/freertos.c.obj
                0x08000740                StartDebugTask
 .text.Test_TaskTask
                0x08000768       0xa0 CMakeFiles/Robomaster_A.elf.dir/Core/Src/freertos.c.obj
                0x08000768                Test_TaskTask
 .text.vApplicationGetIdleTaskMemory
                0x08000808       0x18 CMakeFiles/Robomaster_A.elf.dir/Core/Src/freertos.c.obj
                0x08000808                vApplicationGetIdleTaskMemory
 .text.MX_FREERTOS_Init
                0x08000820       0x68 CMakeFiles/Robomaster_A.elf.dir/Core/Src/freertos.c.obj
                0x08000820                MX_FREERTOS_Init
 .text.MX_GPIO_Init
                0x08000888      0x194 CMakeFiles/Robomaster_A.elf.dir/Core/Src/gpio.c.obj
                0x08000888                MX_GPIO_Init
 .text.HAL_TIM_PeriodElapsedCallback
                0x08000a1c       0x18 CMakeFiles/Robomaster_A.elf.dir/Core/Src/main.c.obj
                0x08000a1c                HAL_TIM_PeriodElapsedCallback
 .text.Error_Handler
                0x08000a34        0x4 CMakeFiles/Robomaster_A.elf.dir/Core/Src/main.c.obj
                0x08000a34                Error_Handler
 .text.SystemClock_Config
                0x08000a38       0xa8 CMakeFiles/Robomaster_A.elf.dir/Core/Src/main.c.obj
                0x08000a38                SystemClock_Config
 .text.main     0x08000ae0       0x38 CMakeFiles/Robomaster_A.elf.dir/Core/Src/main.c.obj
                0x08000ae0                main
 .text.HAL_MspInit
                0x08000b18       0x44 CMakeFiles/Robomaster_A.elf.dir/Core/Src/stm32f4xx_hal_msp.c.obj
                0x08000b18                HAL_MspInit
 .text.HAL_InitTick
                0x08000b5c       0xa4 CMakeFiles/Robomaster_A.elf.dir/Core/Src/stm32f4xx_hal_timebase_tim.c.obj
                0x08000b5c                HAL_InitTick
 .text.NMI_Handler
                0x08000c00        0x2 CMakeFiles/Robomaster_A.elf.dir/Core/Src/stm32f4xx_it.c.obj
                0x08000c00                NMI_Handler
 .text.HardFault_Handler
                0x08000c02        0x2 CMakeFiles/Robomaster_A.elf.dir/Core/Src/stm32f4xx_it.c.obj
                0x08000c02                HardFault_Handler
 .text.MemManage_Handler
                0x08000c04        0x2 CMakeFiles/Robomaster_A.elf.dir/Core/Src/stm32f4xx_it.c.obj
                0x08000c04                MemManage_Handler
 .text.BusFault_Handler
                0x08000c06        0x2 CMakeFiles/Robomaster_A.elf.dir/Core/Src/stm32f4xx_it.c.obj
                0x08000c06                BusFault_Handler
 .text.UsageFault_Handler
                0x08000c08        0x2 CMakeFiles/Robomaster_A.elf.dir/Core/Src/stm32f4xx_it.c.obj
                0x08000c08                UsageFault_Handler
 .text.DebugMon_Handler
                0x08000c0a        0x2 CMakeFiles/Robomaster_A.elf.dir/Core/Src/stm32f4xx_it.c.obj
                0x08000c0a                DebugMon_Handler
 .text.DMA1_Stream0_IRQHandler
                0x08000c0c       0x10 CMakeFiles/Robomaster_A.elf.dir/Core/Src/stm32f4xx_it.c.obj
                0x08000c0c                DMA1_Stream0_IRQHandler
 .text.DMA1_Stream1_IRQHandler
                0x08000c1c       0x10 CMakeFiles/Robomaster_A.elf.dir/Core/Src/stm32f4xx_it.c.obj
                0x08000c1c                DMA1_Stream1_IRQHandler
 .text.DMA1_Stream3_IRQHandler
                0x08000c2c       0x10 CMakeFiles/Robomaster_A.elf.dir/Core/Src/stm32f4xx_it.c.obj
                0x08000c2c                DMA1_Stream3_IRQHandler
 .text.DMA1_Stream4_IRQHandler
                0x08000c3c       0x10 CMakeFiles/Robomaster_A.elf.dir/Core/Src/stm32f4xx_it.c.obj
                0x08000c3c                DMA1_Stream4_IRQHandler
 .text.DMA1_Stream6_IRQHandler
                0x08000c4c       0x10 CMakeFiles/Robomaster_A.elf.dir/Core/Src/stm32f4xx_it.c.obj
                0x08000c4c                DMA1_Stream6_IRQHandler
 .text.CAN1_RX0_IRQHandler
                0x08000c5c       0x10 CMakeFiles/Robomaster_A.elf.dir/Core/Src/stm32f4xx_it.c.obj
                0x08000c5c                CAN1_RX0_IRQHandler
 .text.TIM4_IRQHandler
                0x08000c6c       0x10 CMakeFiles/Robomaster_A.elf.dir/Core/Src/stm32f4xx_it.c.obj
                0x08000c6c                TIM4_IRQHandler
 .text.USART3_IRQHandler
                0x08000c7c       0x10 CMakeFiles/Robomaster_A.elf.dir/Core/Src/stm32f4xx_it.c.obj
                0x08000c7c                USART3_IRQHandler
 .text.DMA2_Stream1_IRQHandler
                0x08000c8c       0x10 CMakeFiles/Robomaster_A.elf.dir/Core/Src/stm32f4xx_it.c.obj
                0x08000c8c                DMA2_Stream1_IRQHandler
 .text.CAN2_RX0_IRQHandler
                0x08000c9c       0x10 CMakeFiles/Robomaster_A.elf.dir/Core/Src/stm32f4xx_it.c.obj
                0x08000c9c                CAN2_RX0_IRQHandler
 .text.DMA2_Stream6_IRQHandler
                0x08000cac       0x10 CMakeFiles/Robomaster_A.elf.dir/Core/Src/stm32f4xx_it.c.obj
                0x08000cac                DMA2_Stream6_IRQHandler
 .text.USART6_IRQHandler
                0x08000cbc       0x10 CMakeFiles/Robomaster_A.elf.dir/Core/Src/stm32f4xx_it.c.obj
                0x08000cbc                USART6_IRQHandler
 .text.UART7_IRQHandler
                0x08000ccc       0x10 CMakeFiles/Robomaster_A.elf.dir/Core/Src/stm32f4xx_it.c.obj
                0x08000ccc                UART7_IRQHandler
 .text.UART8_IRQHandler
                0x08000cdc       0x10 CMakeFiles/Robomaster_A.elf.dir/Core/Src/stm32f4xx_it.c.obj
                0x08000cdc                UART8_IRQHandler
 .text._sbrk    0x08000cec       0x48 CMakeFiles/Robomaster_A.elf.dir/Core/Src/sysmem.c.obj
                0x08000cec                _sbrk
 .text.SystemInit
                0x08000d34       0x14 CMakeFiles/Robomaster_A.elf.dir/Core/Src/system_stm32f4xx.c.obj
                0x08000d34                SystemInit
 .text.HAL_TIM_Base_MspInit
                0x08000d48       0x30 CMakeFiles/Robomaster_A.elf.dir/Core/Src/tim.c.obj
                0x08000d48                HAL_TIM_Base_MspInit
 .text.HAL_TIM_MspPostInit
                0x08000d78       0x58 CMakeFiles/Robomaster_A.elf.dir/Core/Src/tim.c.obj
                0x08000d78                HAL_TIM_MspPostInit
 .text.MX_TIM12_Init
                0x08000dd0       0x94 CMakeFiles/Robomaster_A.elf.dir/Core/Src/tim.c.obj
                0x08000dd0                MX_TIM12_Init
 .text.MX_UART7_Init
                0x08000e64       0x34 CMakeFiles/Robomaster_A.elf.dir/Core/Src/usart.c.obj
                0x08000e64                MX_UART7_Init
 .text.MX_UART8_Init
                0x08000e98       0x34 CMakeFiles/Robomaster_A.elf.dir/Core/Src/usart.c.obj
                0x08000e98                MX_UART8_Init
 .text.MX_USART3_UART_Init
                0x08000ecc       0x34 CMakeFiles/Robomaster_A.elf.dir/Core/Src/usart.c.obj
                0x08000ecc                MX_USART3_UART_Init
 .text.MX_USART6_UART_Init
                0x08000f00       0x34 CMakeFiles/Robomaster_A.elf.dir/Core/Src/usart.c.obj
                0x08000f00                MX_USART6_UART_Init
 .text.HAL_UART_MspInit
                0x08000f34      0x358 CMakeFiles/Robomaster_A.elf.dir/Core/Src/usart.c.obj
                0x08000f34                HAL_UART_MspInit
 .text.Reset_Handler
                0x0800128c       0x50 CMakeFiles/Robomaster_A.elf.dir/Core/Startup/startup_stm32f427iihx.s.obj
                0x0800128c                Reset_Handler
 .text.Default_Handler
                0x080012dc        0x2 CMakeFiles/Robomaster_A.elf.dir/Core/Startup/startup_stm32f427iihx.s.obj
                0x080012dc                RTC_Alarm_IRQHandler
                0x080012dc                HASH_RNG_IRQHandler
                0x080012dc                EXTI2_IRQHandler
                0x080012dc                TIM8_CC_IRQHandler
                0x080012dc                SPI4_IRQHandler
                0x080012dc                TIM1_CC_IRQHandler
                0x080012dc                DMA2_Stream5_IRQHandler
                0x080012dc                DMA1_Stream5_IRQHandler
                0x080012dc                PVD_IRQHandler
                0x080012dc                SDIO_IRQHandler
                0x080012dc                TAMP_STAMP_IRQHandler
                0x080012dc                CAN2_RX1_IRQHandler
                0x080012dc                EXTI3_IRQHandler
                0x080012dc                TIM8_TRG_COM_TIM14_IRQHandler
                0x080012dc                TIM1_UP_TIM10_IRQHandler
                0x080012dc                TIM8_UP_TIM13_IRQHandler
                0x080012dc                I2C3_ER_IRQHandler
                0x080012dc                EXTI0_IRQHandler
                0x080012dc                I2C2_EV_IRQHandler
                0x080012dc                DMA1_Stream2_IRQHandler
                0x080012dc                FPU_IRQHandler
                0x080012dc                OTG_HS_WKUP_IRQHandler
                0x080012dc                CAN2_SCE_IRQHandler
                0x080012dc                DMA2_Stream2_IRQHandler
                0x080012dc                SPI1_IRQHandler
                0x080012dc                TIM6_DAC_IRQHandler
                0x080012dc                TIM1_BRK_TIM9_IRQHandler
                0x080012dc                DCMI_IRQHandler
                0x080012dc                DMA2_Stream3_IRQHandler
                0x080012dc                CAN1_RX1_IRQHandler
                0x080012dc                UART5_IRQHandler
                0x080012dc                DMA2_Stream0_IRQHandler
                0x080012dc                I2C1_EV_IRQHandler
                0x080012dc                UART4_IRQHandler
                0x080012dc                TIM3_IRQHandler
                0x080012dc                RCC_IRQHandler
                0x080012dc                TIM8_BRK_TIM12_IRQHandler
                0x080012dc                Default_Handler
                0x080012dc                EXTI15_10_IRQHandler
                0x080012dc                ADC_IRQHandler
                0x080012dc                DMA1_Stream7_IRQHandler
                0x080012dc                SPI5_IRQHandler
                0x080012dc                TIM7_IRQHandler
                0x080012dc                CAN2_TX_IRQHandler
                0x080012dc                TIM5_IRQHandler
                0x080012dc                DMA2_Stream7_IRQHandler
                0x080012dc                I2C3_EV_IRQHandler
                0x080012dc                EXTI9_5_IRQHandler
                0x080012dc                RTC_WKUP_IRQHandler
                0x080012dc                ETH_WKUP_IRQHandler
                0x080012dc                SPI2_IRQHandler
                0x080012dc                OTG_HS_EP1_IN_IRQHandler
                0x080012dc                CAN1_TX_IRQHandler
                0x080012dc                EXTI4_IRQHandler
                0x080012dc                ETH_IRQHandler
                0x080012dc                OTG_HS_EP1_OUT_IRQHandler
                0x080012dc                WWDG_IRQHandler
                0x080012dc                SPI6_IRQHandler
                0x080012dc                TIM2_IRQHandler
                0x080012dc                OTG_FS_WKUP_IRQHandler
                0x080012dc                TIM1_TRG_COM_TIM11_IRQHandler
                0x080012dc                OTG_HS_IRQHandler
                0x080012dc                DMA2D_IRQHandler
                0x080012dc                EXTI1_IRQHandler
                0x080012dc                USART2_IRQHandler
                0x080012dc                I2C2_ER_IRQHandler
                0x080012dc                CAN1_SCE_IRQHandler
                0x080012dc                FLASH_IRQHandler
                0x080012dc                DMA2_Stream4_IRQHandler
                0x080012dc                USART1_IRQHandler
                0x080012dc                OTG_FS_IRQHandler
                0x080012dc                SPI3_IRQHandler
                0x080012dc                I2C1_ER_IRQHandler
                0x080012dc                FMC_IRQHandler
                0x080012dc                SAI1_IRQHandler
 *fill*         0x080012de        0x2 
 .text.HAL_Init
                0x080012e0       0x34 CMakeFiles/Robomaster_A.elf.dir/Drivers/STM32F4xx_HAL_Driver/Src/stm32f4xx_hal.c.obj
                0x080012e0                HAL_Init
 .text.HAL_IncTick
                0x08001314       0x18 CMakeFiles/Robomaster_A.elf.dir/Drivers/STM32F4xx_HAL_Driver/Src/stm32f4xx_hal.c.obj
                0x08001314                HAL_IncTick
 .text.HAL_GetTick
                0x0800132c        0xc CMakeFiles/Robomaster_A.elf.dir/Drivers/STM32F4xx_HAL_Driver/Src/stm32f4xx_hal.c.obj
                0x0800132c                HAL_GetTick
 .text.HAL_CAN_Init
                0x08001338      0x14c CMakeFiles/Robomaster_A.elf.dir/Drivers/STM32F4xx_HAL_Driver/Src/stm32f4xx_hal_can.c.obj
                0x08001338                HAL_CAN_Init
 .text.HAL_CAN_ConfigFilter
                0x08001484      0x138 CMakeFiles/Robomaster_A.elf.dir/Drivers/STM32F4xx_HAL_Driver/Src/stm32f4xx_hal_can.c.obj
                0x08001484                HAL_CAN_ConfigFilter
 .text.HAL_CAN_Start
                0x080015bc       0x5c CMakeFiles/Robomaster_A.elf.dir/Drivers/STM32F4xx_HAL_Driver/Src/stm32f4xx_hal_can.c.obj
                0x080015bc                HAL_CAN_Start
 .text.HAL_CAN_AddTxMessage
                0x08001618       0xfc CMakeFiles/Robomaster_A.elf.dir/Drivers/STM32F4xx_HAL_Driver/Src/stm32f4xx_hal_can.c.obj
                0x08001618                HAL_CAN_AddTxMessage
 .text.HAL_CAN_GetTxMailboxesFreeLevel
                0x08001714       0x32 CMakeFiles/Robomaster_A.elf.dir/Drivers/STM32F4xx_HAL_Driver/Src/stm32f4xx_hal_can.c.obj
                0x08001714                HAL_CAN_GetTxMailboxesFreeLevel
 .text.HAL_CAN_GetRxMessage
                0x08001746      0x14a CMakeFiles/Robomaster_A.elf.dir/Drivers/STM32F4xx_HAL_Driver/Src/stm32f4xx_hal_can.c.obj
                0x08001746                HAL_CAN_GetRxMessage
 .text.HAL_CAN_ActivateNotification
                0x08001890       0x24 CMakeFiles/Robomaster_A.elf.dir/Drivers/STM32F4xx_HAL_Driver/Src/stm32f4xx_hal_can.c.obj
                0x08001890                HAL_CAN_ActivateNotification
 .text.HAL_CAN_TxMailbox0CompleteCallback
                0x080018b4        0x2 CMakeFiles/Robomaster_A.elf.dir/Drivers/STM32F4xx_HAL_Driver/Src/stm32f4xx_hal_can.c.obj
                0x080018b4                HAL_CAN_TxMailbox0CompleteCallback
 .text.HAL_CAN_TxMailbox1CompleteCallback
                0x080018b6        0x2 CMakeFiles/Robomaster_A.elf.dir/Drivers/STM32F4xx_HAL_Driver/Src/stm32f4xx_hal_can.c.obj
                0x080018b6                HAL_CAN_TxMailbox1CompleteCallback
 .text.HAL_CAN_TxMailbox2CompleteCallback
                0x080018b8        0x2 CMakeFiles/Robomaster_A.elf.dir/Drivers/STM32F4xx_HAL_Driver/Src/stm32f4xx_hal_can.c.obj
                0x080018b8                HAL_CAN_TxMailbox2CompleteCallback
 .text.HAL_CAN_TxMailbox0AbortCallback
                0x080018ba        0x2 CMakeFiles/Robomaster_A.elf.dir/Drivers/STM32F4xx_HAL_Driver/Src/stm32f4xx_hal_can.c.obj
                0x080018ba                HAL_CAN_TxMailbox0AbortCallback
 .text.HAL_CAN_TxMailbox1AbortCallback
                0x080018bc        0x2 CMakeFiles/Robomaster_A.elf.dir/Drivers/STM32F4xx_HAL_Driver/Src/stm32f4xx_hal_can.c.obj
                0x080018bc                HAL_CAN_TxMailbox1AbortCallback
 .text.HAL_CAN_TxMailbox2AbortCallback
                0x080018be        0x2 CMakeFiles/Robomaster_A.elf.dir/Drivers/STM32F4xx_HAL_Driver/Src/stm32f4xx_hal_can.c.obj
                0x080018be                HAL_CAN_TxMailbox2AbortCallback
 .text.HAL_CAN_RxFifo0FullCallback
                0x080018c0        0x2 CMakeFiles/Robomaster_A.elf.dir/Drivers/STM32F4xx_HAL_Driver/Src/stm32f4xx_hal_can.c.obj
                0x080018c0                HAL_CAN_RxFifo0FullCallback
 .text.HAL_CAN_RxFifo1MsgPendingCallback
                0x080018c2        0x2 CMakeFiles/Robomaster_A.elf.dir/Drivers/STM32F4xx_HAL_Driver/Src/stm32f4xx_hal_can.c.obj
                0x080018c2                HAL_CAN_RxFifo1MsgPendingCallback
 .text.HAL_CAN_RxFifo1FullCallback
                0x080018c4        0x2 CMakeFiles/Robomaster_A.elf.dir/Drivers/STM32F4xx_HAL_Driver/Src/stm32f4xx_hal_can.c.obj
                0x080018c4                HAL_CAN_RxFifo1FullCallback
 .text.HAL_CAN_SleepCallback
                0x080018c6        0x2 CMakeFiles/Robomaster_A.elf.dir/Drivers/STM32F4xx_HAL_Driver/Src/stm32f4xx_hal_can.c.obj
                0x080018c6                HAL_CAN_SleepCallback
 .text.HAL_CAN_WakeUpFromRxMsgCallback
                0x080018c8        0x2 CMakeFiles/Robomaster_A.elf.dir/Drivers/STM32F4xx_HAL_Driver/Src/stm32f4xx_hal_can.c.obj
                0x080018c8                HAL_CAN_WakeUpFromRxMsgCallback
 .text.HAL_CAN_ErrorCallback
                0x080018ca        0x2 CMakeFiles/Robomaster_A.elf.dir/Drivers/STM32F4xx_HAL_Driver/Src/stm32f4xx_hal_can.c.obj
                0x080018ca                HAL_CAN_ErrorCallback
 .text.HAL_CAN_IRQHandler
                0x080018cc      0x24a CMakeFiles/Robomaster_A.elf.dir/Drivers/STM32F4xx_HAL_Driver/Src/stm32f4xx_hal_can.c.obj
                0x080018cc                HAL_CAN_IRQHandler
 *fill*         0x08001b16        0x2 
 .text.HAL_NVIC_SetPriorityGrouping
                0x08001b18       0x24 CMakeFiles/Robomaster_A.elf.dir/Drivers/STM32F4xx_HAL_Driver/Src/stm32f4xx_hal_cortex.c.obj
                0x08001b18                HAL_NVIC_SetPriorityGrouping
 .text.HAL_NVIC_SetPriority
                0x08001b3c       0x70 CMakeFiles/Robomaster_A.elf.dir/Drivers/STM32F4xx_HAL_Driver/Src/stm32f4xx_hal_cortex.c.obj
                0x08001b3c                HAL_NVIC_SetPriority
 .text.HAL_NVIC_EnableIRQ
                0x08001bac       0x1c CMakeFiles/Robomaster_A.elf.dir/Drivers/STM32F4xx_HAL_Driver/Src/stm32f4xx_hal_cortex.c.obj
                0x08001bac                HAL_NVIC_EnableIRQ
 .text.DMA_CalcBaseAndBitshift
                0x08001bc8       0x44 CMakeFiles/Robomaster_A.elf.dir/Drivers/STM32F4xx_HAL_Driver/Src/stm32f4xx_hal_dma.c.obj
 .text.DMA_CheckFifoParam
                0x08001c0c       0x8e CMakeFiles/Robomaster_A.elf.dir/Drivers/STM32F4xx_HAL_Driver/Src/stm32f4xx_hal_dma.c.obj
 *fill*         0x08001c9a        0x2 
 .text.HAL_DMA_Init
                0x08001c9c       0xcc CMakeFiles/Robomaster_A.elf.dir/Drivers/STM32F4xx_HAL_Driver/Src/stm32f4xx_hal_dma.c.obj
                0x08001c9c                HAL_DMA_Init
 .text.HAL_DMA_Abort
                0x08001d68       0x94 CMakeFiles/Robomaster_A.elf.dir/Drivers/STM32F4xx_HAL_Driver/Src/stm32f4xx_hal_dma.c.obj
                0x08001d68                HAL_DMA_Abort
 .text.HAL_DMA_Abort_IT
                0x08001dfc       0x26 CMakeFiles/Robomaster_A.elf.dir/Drivers/STM32F4xx_HAL_Driver/Src/stm32f4xx_hal_dma.c.obj
                0x08001dfc                HAL_DMA_Abort_IT
 *fill*         0x08001e22        0x2 
 .text.HAL_DMA_IRQHandler
                0x08001e24      0x1dc CMakeFiles/Robomaster_A.elf.dir/Drivers/STM32F4xx_HAL_Driver/Src/stm32f4xx_hal_dma.c.obj
                0x08001e24                HAL_DMA_IRQHandler
 .text.HAL_GPIO_Init
                0x08002000      0x1fc CMakeFiles/Robomaster_A.elf.dir/Drivers/STM32F4xx_HAL_Driver/Src/stm32f4xx_hal_gpio.c.obj
                0x08002000                HAL_GPIO_Init
 .text.HAL_GPIO_WritePin
                0x080021fc        0xc CMakeFiles/Robomaster_A.elf.dir/Drivers/STM32F4xx_HAL_Driver/Src/stm32f4xx_hal_gpio.c.obj
                0x080021fc                HAL_GPIO_WritePin
 .text.HAL_GPIO_TogglePin
                0x08002208       0x12 CMakeFiles/Robomaster_A.elf.dir/Drivers/STM32F4xx_HAL_Driver/Src/stm32f4xx_hal_gpio.c.obj
                0x08002208                HAL_GPIO_TogglePin
 *fill*         0x0800221a        0x2 
 .text.HAL_RCC_OscConfig
                0x0800221c      0x3f8 CMakeFiles/Robomaster_A.elf.dir/Drivers/STM32F4xx_HAL_Driver/Src/stm32f4xx_hal_rcc.c.obj
                0x0800221c                HAL_RCC_OscConfig
 .text.HAL_RCC_GetSysClockFreq
                0x08002614       0xa4 CMakeFiles/Robomaster_A.elf.dir/Drivers/STM32F4xx_HAL_Driver/Src/stm32f4xx_hal_rcc.c.obj
                0x08002614                HAL_RCC_GetSysClockFreq
 .text.HAL_RCC_ClockConfig
                0x080026b8      0x160 CMakeFiles/Robomaster_A.elf.dir/Drivers/STM32F4xx_HAL_Driver/Src/stm32f4xx_hal_rcc.c.obj
                0x080026b8                HAL_RCC_ClockConfig
 .text.HAL_RCC_GetHCLKFreq
                0x08002818        0xc CMakeFiles/Robomaster_A.elf.dir/Drivers/STM32F4xx_HAL_Driver/Src/stm32f4xx_hal_rcc.c.obj
                0x08002818                HAL_RCC_GetHCLKFreq
 .text.HAL_RCC_GetPCLK1Freq
                0x08002824       0x20 CMakeFiles/Robomaster_A.elf.dir/Drivers/STM32F4xx_HAL_Driver/Src/stm32f4xx_hal_rcc.c.obj
                0x08002824                HAL_RCC_GetPCLK1Freq
 .text.HAL_RCC_GetPCLK2Freq
                0x08002844       0x20 CMakeFiles/Robomaster_A.elf.dir/Drivers/STM32F4xx_HAL_Driver/Src/stm32f4xx_hal_rcc.c.obj
                0x08002844                HAL_RCC_GetPCLK2Freq
 .text.HAL_RCC_GetClockConfig
                0x08002864       0x3c CMakeFiles/Robomaster_A.elf.dir/Drivers/STM32F4xx_HAL_Driver/Src/stm32f4xx_hal_rcc.c.obj
                0x08002864                HAL_RCC_GetClockConfig
 .text.TIM_OC1_SetConfig
                0x080028a0       0x68 CMakeFiles/Robomaster_A.elf.dir/Drivers/STM32F4xx_HAL_Driver/Src/stm32f4xx_hal_tim.c.obj
 .text.TIM_OC3_SetConfig
                0x08002908       0x70 CMakeFiles/Robomaster_A.elf.dir/Drivers/STM32F4xx_HAL_Driver/Src/stm32f4xx_hal_tim.c.obj
 .text.TIM_OC4_SetConfig
                0x08002978       0x50 CMakeFiles/Robomaster_A.elf.dir/Drivers/STM32F4xx_HAL_Driver/Src/stm32f4xx_hal_tim.c.obj
 .text.TIM_TI1_ConfigInputStage
                0x080029c8       0x26 CMakeFiles/Robomaster_A.elf.dir/Drivers/STM32F4xx_HAL_Driver/Src/stm32f4xx_hal_tim.c.obj
 .text.TIM_TI2_ConfigInputStage
                0x080029ee       0x28 CMakeFiles/Robomaster_A.elf.dir/Drivers/STM32F4xx_HAL_Driver/Src/stm32f4xx_hal_tim.c.obj
 .text.TIM_ITRx_SetConfig
                0x08002a16       0x10 CMakeFiles/Robomaster_A.elf.dir/Drivers/STM32F4xx_HAL_Driver/Src/stm32f4xx_hal_tim.c.obj
 *fill*         0x08002a26        0x2 
 .text.HAL_TIM_Base_Start_IT
                0x08002a28       0x88 CMakeFiles/Robomaster_A.elf.dir/Drivers/STM32F4xx_HAL_Driver/Src/stm32f4xx_hal_tim.c.obj
                0x08002a28                HAL_TIM_Base_Start_IT
 .text.HAL_TIM_PWM_MspInit
                0x08002ab0        0x2 CMakeFiles/Robomaster_A.elf.dir/Drivers/STM32F4xx_HAL_Driver/Src/stm32f4xx_hal_tim.c.obj
                0x08002ab0                HAL_TIM_PWM_MspInit
 .text.HAL_TIM_OC_DelayElapsedCallback
                0x08002ab2        0x2 CMakeFiles/Robomaster_A.elf.dir/Drivers/STM32F4xx_HAL_Driver/Src/stm32f4xx_hal_tim.c.obj
                0x08002ab2                HAL_TIM_OC_DelayElapsedCallback
 .text.HAL_TIM_IC_CaptureCallback
                0x08002ab4        0x2 CMakeFiles/Robomaster_A.elf.dir/Drivers/STM32F4xx_HAL_Driver/Src/stm32f4xx_hal_tim.c.obj
                0x08002ab4                HAL_TIM_IC_CaptureCallback
 .text.HAL_TIM_PWM_PulseFinishedCallback
                0x08002ab6        0x2 CMakeFiles/Robomaster_A.elf.dir/Drivers/STM32F4xx_HAL_Driver/Src/stm32f4xx_hal_tim.c.obj
                0x08002ab6                HAL_TIM_PWM_PulseFinishedCallback
 .text.HAL_TIM_TriggerCallback
                0x08002ab8        0x2 CMakeFiles/Robomaster_A.elf.dir/Drivers/STM32F4xx_HAL_Driver/Src/stm32f4xx_hal_tim.c.obj
                0x08002ab8                HAL_TIM_TriggerCallback
 .text.HAL_TIM_IRQHandler
                0x08002aba      0x17a CMakeFiles/Robomaster_A.elf.dir/Drivers/STM32F4xx_HAL_Driver/Src/stm32f4xx_hal_tim.c.obj
                0x08002aba                HAL_TIM_IRQHandler
 .text.TIM_Base_SetConfig
                0x08002c34       0xc8 CMakeFiles/Robomaster_A.elf.dir/Drivers/STM32F4xx_HAL_Driver/Src/stm32f4xx_hal_tim.c.obj
                0x08002c34                TIM_Base_SetConfig
 .text.HAL_TIM_Base_Init
                0x08002cfc       0x58 CMakeFiles/Robomaster_A.elf.dir/Drivers/STM32F4xx_HAL_Driver/Src/stm32f4xx_hal_tim.c.obj
                0x08002cfc                HAL_TIM_Base_Init
 .text.HAL_TIM_PWM_Init
                0x08002d54       0x58 CMakeFiles/Robomaster_A.elf.dir/Drivers/STM32F4xx_HAL_Driver/Src/stm32f4xx_hal_tim.c.obj
                0x08002d54                HAL_TIM_PWM_Init
 .text.TIM_OC2_SetConfig
                0x08002dac       0x70 CMakeFiles/Robomaster_A.elf.dir/Drivers/STM32F4xx_HAL_Driver/Src/stm32f4xx_hal_tim.c.obj
                0x08002dac                TIM_OC2_SetConfig
 .text.HAL_TIM_PWM_ConfigChannel
                0x08002e1c       0xdc CMakeFiles/Robomaster_A.elf.dir/Drivers/STM32F4xx_HAL_Driver/Src/stm32f4xx_hal_tim.c.obj
                0x08002e1c                HAL_TIM_PWM_ConfigChannel
 .text.TIM_ETR_SetConfig
                0x08002ef8       0x1a CMakeFiles/Robomaster_A.elf.dir/Drivers/STM32F4xx_HAL_Driver/Src/stm32f4xx_hal_tim.c.obj
                0x08002ef8                TIM_ETR_SetConfig
 .text.HAL_TIM_ConfigClockSource
                0x08002f12       0xfe CMakeFiles/Robomaster_A.elf.dir/Drivers/STM32F4xx_HAL_Driver/Src/stm32f4xx_hal_tim.c.obj
                0x08002f12                HAL_TIM_ConfigClockSource
 .text.TIM_CCxChannelCmd
                0x08003010       0x1e CMakeFiles/Robomaster_A.elf.dir/Drivers/STM32F4xx_HAL_Driver/Src/stm32f4xx_hal_tim.c.obj
                0x08003010                TIM_CCxChannelCmd
 *fill*         0x0800302e        0x2 
 .text.HAL_TIM_PWM_Start
                0x08003030      0x104 CMakeFiles/Robomaster_A.elf.dir/Drivers/STM32F4xx_HAL_Driver/Src/stm32f4xx_hal_tim.c.obj
                0x08003030                HAL_TIM_PWM_Start
 .text.HAL_TIMEx_CommutCallback
                0x08003134        0x2 CMakeFiles/Robomaster_A.elf.dir/Drivers/STM32F4xx_HAL_Driver/Src/stm32f4xx_hal_tim_ex.c.obj
                0x08003134                HAL_TIMEx_CommutCallback
 .text.HAL_TIMEx_BreakCallback
                0x08003136        0x2 CMakeFiles/Robomaster_A.elf.dir/Drivers/STM32F4xx_HAL_Driver/Src/stm32f4xx_hal_tim_ex.c.obj
                0x08003136                HAL_TIMEx_BreakCallback
 .text.UART_EndRxTransfer
                0x08003138       0x5c CMakeFiles/Robomaster_A.elf.dir/Drivers/STM32F4xx_HAL_Driver/Src/stm32f4xx_hal_uart.c.obj
 .text.UART_Transmit_IT
                0x08003194       0x60 CMakeFiles/Robomaster_A.elf.dir/Drivers/STM32F4xx_HAL_Driver/Src/stm32f4xx_hal_uart.c.obj
 .text.UART_SetConfig
                0x080031f4      0x110 CMakeFiles/Robomaster_A.elf.dir/Drivers/STM32F4xx_HAL_Driver/Src/stm32f4xx_hal_uart.c.obj
 .text.UART_WaitOnFlagUntilTimeout
                0x08003304       0x88 CMakeFiles/Robomaster_A.elf.dir/Drivers/STM32F4xx_HAL_Driver/Src/stm32f4xx_hal_uart.c.obj
 .text.HAL_UART_Init
                0x0800338c       0x5e CMakeFiles/Robomaster_A.elf.dir/Drivers/STM32F4xx_HAL_Driver/Src/stm32f4xx_hal_uart.c.obj
                0x0800338c                HAL_UART_Init
 .text.HAL_UART_Transmit
                0x080033ea       0xd8 CMakeFiles/Robomaster_A.elf.dir/Drivers/STM32F4xx_HAL_Driver/Src/stm32f4xx_hal_uart.c.obj
                0x080033ea                HAL_UART_Transmit
 .text.HAL_UART_Receive
                0x080034c2       0xe4 CMakeFiles/Robomaster_A.elf.dir/Drivers/STM32F4xx_HAL_Driver/Src/stm32f4xx_hal_uart.c.obj
                0x080034c2                HAL_UART_Receive
 .text.HAL_UART_TxCpltCallback
                0x080035a6        0x2 CMakeFiles/Robomaster_A.elf.dir/Drivers/STM32F4xx_HAL_Driver/Src/stm32f4xx_hal_uart.c.obj
                0x080035a6                HAL_UART_TxCpltCallback
 .text.UART_EndTransmit_IT
                0x080035a8       0x1a CMakeFiles/Robomaster_A.elf.dir/Drivers/STM32F4xx_HAL_Driver/Src/stm32f4xx_hal_uart.c.obj
 .text.HAL_UART_RxCpltCallback
                0x080035c2        0x2 CMakeFiles/Robomaster_A.elf.dir/Drivers/STM32F4xx_HAL_Driver/Src/stm32f4xx_hal_uart.c.obj
                0x080035c2                HAL_UART_RxCpltCallback
 .text.HAL_UART_ErrorCallback
                0x080035c4        0x2 CMakeFiles/Robomaster_A.elf.dir/Drivers/STM32F4xx_HAL_Driver/Src/stm32f4xx_hal_uart.c.obj
                0x080035c4                HAL_UART_ErrorCallback
 .text.UART_DMAAbortOnError
                0x080035c6       0x10 CMakeFiles/Robomaster_A.elf.dir/Drivers/STM32F4xx_HAL_Driver/Src/stm32f4xx_hal_uart.c.obj
 .text.HAL_UARTEx_RxEventCallback
                0x080035d6        0x2 CMakeFiles/Robomaster_A.elf.dir/Drivers/STM32F4xx_HAL_Driver/Src/stm32f4xx_hal_uart.c.obj
                0x080035d6                HAL_UARTEx_RxEventCallback
 .text.UART_Receive_IT
                0x080035d8       0xe2 CMakeFiles/Robomaster_A.elf.dir/Drivers/STM32F4xx_HAL_Driver/Src/stm32f4xx_hal_uart.c.obj
 *fill*         0x080036ba        0x2 
 .text.HAL_UART_IRQHandler
                0x080036bc      0x280 CMakeFiles/Robomaster_A.elf.dir/Drivers/STM32F4xx_HAL_Driver/Src/stm32f4xx_hal_uart.c.obj
                0x080036bc                HAL_UART_IRQHandler
 .text.makeFreeRtosPriority
                0x0800393c        0xc CMakeFiles/Robomaster_A.elf.dir/Middlewares/Third_Party/FreeRTOS/Source/CMSIS_RTOS/cmsis_os.c.obj
 .text.osKernelStart
                0x08003948        0xa CMakeFiles/Robomaster_A.elf.dir/Middlewares/Third_Party/FreeRTOS/Source/CMSIS_RTOS/cmsis_os.c.obj
                0x08003948                osKernelStart
 .text.osThreadCreate
                0x08003952       0x6a CMakeFiles/Robomaster_A.elf.dir/Middlewares/Third_Party/FreeRTOS/Source/CMSIS_RTOS/cmsis_os.c.obj
                0x08003952                osThreadCreate
 .text.osDelay  0x080039bc        0xe CMakeFiles/Robomaster_A.elf.dir/Middlewares/Third_Party/FreeRTOS/Source/CMSIS_RTOS/cmsis_os.c.obj
                0x080039bc                osDelay
 .text.vListInitialise
                0x080039ca       0x16 CMakeFiles/Robomaster_A.elf.dir/Middlewares/Third_Party/FreeRTOS/Source/list.c.obj
                0x080039ca                vListInitialise
 .text.vListInitialiseItem
                0x080039e0        0x6 CMakeFiles/Robomaster_A.elf.dir/Middlewares/Third_Party/FreeRTOS/Source/list.c.obj
                0x080039e0                vListInitialiseItem
 .text.vListInsertEnd
                0x080039e6       0x16 CMakeFiles/Robomaster_A.elf.dir/Middlewares/Third_Party/FreeRTOS/Source/list.c.obj
                0x080039e6                vListInsertEnd
 .text.vListInsert
                0x080039fc       0x32 CMakeFiles/Robomaster_A.elf.dir/Middlewares/Third_Party/FreeRTOS/Source/list.c.obj
                0x080039fc                vListInsert
 .text.uxListRemove
                0x08003a2e       0x26 CMakeFiles/Robomaster_A.elf.dir/Middlewares/Third_Party/FreeRTOS/Source/list.c.obj
                0x08003a2e                uxListRemove
 .text.prvTaskExitError
                0x08003a54       0x40 CMakeFiles/Robomaster_A.elf.dir/Middlewares/Third_Party/FreeRTOS/Source/portable/GCC/ARM_CM4F/port.c.obj
 .text.prvPortStartFirstTask
                0x08003a94       0x28 CMakeFiles/Robomaster_A.elf.dir/Middlewares/Third_Party/FreeRTOS/Source/portable/GCC/ARM_CM4F/port.c.obj
 .text.vPortEnableVFP
                0x08003abc       0x14 CMakeFiles/Robomaster_A.elf.dir/Middlewares/Third_Party/FreeRTOS/Source/portable/GCC/ARM_CM4F/port.c.obj
 .text.pxPortInitialiseStack
                0x08003ad0       0x2c CMakeFiles/Robomaster_A.elf.dir/Middlewares/Third_Party/FreeRTOS/Source/portable/GCC/ARM_CM4F/port.c.obj
                0x08003ad0                pxPortInitialiseStack
 *fill*         0x08003afc        0x4 
 .text.SVC_Handler
                0x08003b00       0x24 CMakeFiles/Robomaster_A.elf.dir/Middlewares/Third_Party/FreeRTOS/Source/portable/GCC/ARM_CM4F/port.c.obj
                0x08003b00                SVC_Handler
 .text.vPortEnterCritical
                0x08003b24       0x44 CMakeFiles/Robomaster_A.elf.dir/Middlewares/Third_Party/FreeRTOS/Source/portable/GCC/ARM_CM4F/port.c.obj
                0x08003b24                vPortEnterCritical
 .text.vPortExitCritical
                0x08003b68       0x2c CMakeFiles/Robomaster_A.elf.dir/Middlewares/Third_Party/FreeRTOS/Source/portable/GCC/ARM_CM4F/port.c.obj
                0x08003b68                vPortExitCritical
 *fill*         0x08003b94        0xc 
 .text.PendSV_Handler
                0x08003ba0       0x64 CMakeFiles/Robomaster_A.elf.dir/Middlewares/Third_Party/FreeRTOS/Source/portable/GCC/ARM_CM4F/port.c.obj
                0x08003ba0                PendSV_Handler
 .text.SysTick_Handler
                0x08003c04       0x2c CMakeFiles/Robomaster_A.elf.dir/Middlewares/Third_Party/FreeRTOS/Source/portable/GCC/ARM_CM4F/port.c.obj
                0x08003c04                SysTick_Handler
 .text.vPortSetupTimerInterrupt
                0x08003c30       0x28 CMakeFiles/Robomaster_A.elf.dir/Middlewares/Third_Party/FreeRTOS/Source/portable/GCC/ARM_CM4F/port.c.obj
                0x08003c30                vPortSetupTimerInterrupt
 .text.xPortStartScheduler
                0x08003c58      0x118 CMakeFiles/Robomaster_A.elf.dir/Middlewares/Third_Party/FreeRTOS/Source/portable/GCC/ARM_CM4F/port.c.obj
                0x08003c58                xPortStartScheduler
 .text.prvHeapInit
                0x08003d70       0x64 CMakeFiles/Robomaster_A.elf.dir/Middlewares/Third_Party/FreeRTOS/Source/portable/MemMang/heap_4.c.obj
 .text.prvInsertBlockIntoFreeList
                0x08003dd4       0x64 CMakeFiles/Robomaster_A.elf.dir/Middlewares/Third_Party/FreeRTOS/Source/portable/MemMang/heap_4.c.obj
 .text.pvPortMalloc
                0x08003e38       0xfc CMakeFiles/Robomaster_A.elf.dir/Middlewares/Third_Party/FreeRTOS/Source/portable/MemMang/heap_4.c.obj
                0x08003e38                pvPortMalloc
 .text.vPortFree
                0x08003f34       0x7c CMakeFiles/Robomaster_A.elf.dir/Middlewares/Third_Party/FreeRTOS/Source/portable/MemMang/heap_4.c.obj
                0x08003f34                vPortFree
 .text.prvTaskIsTaskSuspended
                0x08003fb0       0x40 CMakeFiles/Robomaster_A.elf.dir/Middlewares/Third_Party/FreeRTOS/Source/tasks.c.obj
 .text.prvResetNextTaskUnblockTime
                0x08003ff0       0x2c CMakeFiles/Robomaster_A.elf.dir/Middlewares/Third_Party/FreeRTOS/Source/tasks.c.obj
 .text.prvInitialiseNewTask
                0x0800401c       0xa2 CMakeFiles/Robomaster_A.elf.dir/Middlewares/Third_Party/FreeRTOS/Source/tasks.c.obj
 *fill*         0x080040be        0x2 
 .text.prvInitialiseTaskLists
                0x080040c0       0x68 CMakeFiles/Robomaster_A.elf.dir/Middlewares/Third_Party/FreeRTOS/Source/tasks.c.obj
 .text.prvAddNewTaskToReadyList
                0x08004128       0xa8 CMakeFiles/Robomaster_A.elf.dir/Middlewares/Third_Party/FreeRTOS/Source/tasks.c.obj
 .text.prvDeleteTCB
                0x080041d0       0x38 CMakeFiles/Robomaster_A.elf.dir/Middlewares/Third_Party/FreeRTOS/Source/tasks.c.obj
 .text.prvCheckTasksWaitingTermination
                0x08004208       0x4c CMakeFiles/Robomaster_A.elf.dir/Middlewares/Third_Party/FreeRTOS/Source/tasks.c.obj
 .text.prvIdleTask
                0x08004254       0x28 CMakeFiles/Robomaster_A.elf.dir/Middlewares/Third_Party/FreeRTOS/Source/tasks.c.obj
 .text.prvAddCurrentTaskToDelayedList
                0x0800427c       0x98 CMakeFiles/Robomaster_A.elf.dir/Middlewares/Third_Party/FreeRTOS/Source/tasks.c.obj
 .text.xTaskCreateStatic
                0x08004314       0x76 CMakeFiles/Robomaster_A.elf.dir/Middlewares/Third_Party/FreeRTOS/Source/tasks.c.obj
                0x08004314                xTaskCreateStatic
 .text.xTaskCreate
                0x0800438a       0x68 CMakeFiles/Robomaster_A.elf.dir/Middlewares/Third_Party/FreeRTOS/Source/tasks.c.obj
                0x0800438a                xTaskCreate
 *fill*         0x080043f2        0x2 
 .text.vTaskResume
                0x080043f4       0x88 CMakeFiles/Robomaster_A.elf.dir/Middlewares/Third_Party/FreeRTOS/Source/tasks.c.obj
                0x080043f4                vTaskResume
 .text.vTaskStartScheduler
                0x0800447c       0x74 CMakeFiles/Robomaster_A.elf.dir/Middlewares/Third_Party/FreeRTOS/Source/tasks.c.obj
                0x0800447c                vTaskStartScheduler
 .text.vTaskSuspendAll
                0x080044f0       0x10 CMakeFiles/Robomaster_A.elf.dir/Middlewares/Third_Party/FreeRTOS/Source/tasks.c.obj
                0x080044f0                vTaskSuspendAll
 .text.xTaskIncrementTick
                0x08004500      0x118 CMakeFiles/Robomaster_A.elf.dir/Middlewares/Third_Party/FreeRTOS/Source/tasks.c.obj
                0x08004500                xTaskIncrementTick
 .text.xTaskResumeAll
                0x08004618       0xf8 CMakeFiles/Robomaster_A.elf.dir/Middlewares/Third_Party/FreeRTOS/Source/tasks.c.obj
                0x08004618                xTaskResumeAll
 .text.vTaskDelay
                0x08004710       0x4c CMakeFiles/Robomaster_A.elf.dir/Middlewares/Third_Party/FreeRTOS/Source/tasks.c.obj
                0x08004710                vTaskDelay
 .text.vTaskSwitchContext
                0x0800475c       0x98 CMakeFiles/Robomaster_A.elf.dir/Middlewares/Third_Party/FreeRTOS/Source/tasks.c.obj
                0x0800475c                vTaskSwitchContext
 .text.LED1_Flash
                0x080047f4       0x14 CMakeFiles/Robomaster_A.elf.dir/User_Core/Src/LED.c.obj
                0x080047f4                LED1_Flash
 .text.LED2_Flash
                0x08004808       0x14 CMakeFiles/Robomaster_A.elf.dir/User_Core/Src/LED.c.obj
                0x08004808                LED2_Flash
 .text.WaterLED
                0x0800481c       0xd8 CMakeFiles/Robomaster_A.elf.dir/User_Core/Src/LED.c.obj
                0x0800481c                WaterLED
 .text.Mymain_Init
                0x080048f4       0x24 CMakeFiles/Robomaster_A.elf.dir/User_Core/Src/Mymain.c.obj
                0x080048f4                Mymain_Init
 .text.can1_filter_init
                0x08004918      0x10c CMakeFiles/Robomaster_A.elf.dir/User_Core/Src/can_rec.c.obj
                0x08004918                can1_filter_init
 .text.can2_filter_init
                0x08004a24       0x68 CMakeFiles/Robomaster_A.elf.dir/User_Core/Src/can_rec.c.obj
                0x08004a24                can2_filter_init
 .text.set_current
                0x08004a8c       0x6a CMakeFiles/Robomaster_A.elf.dir/User_Core/Src/can_rec.c.obj
                0x08004a8c                set_current
 .text.motor_info_record
                0x08004af6       0x7c CMakeFiles/Robomaster_A.elf.dir/User_Core/Src/can_rec.c.obj
                0x08004af6                motor_info_record
 *fill*         0x08004b72        0x2 
 .text.HAL_CAN_RxFifo0MsgPendingCallback
                0x08004b74       0x5c CMakeFiles/Robomaster_A.elf.dir/User_Core/Src/can_rec.c.obj
                0x08004b74                HAL_CAN_RxFifo0MsgPendingCallback
 .text.PID_Set  0x08004bd0       0x2e CMakeFiles/Robomaster_A.elf.dir/User_Core/Src/pid.c.obj
                0x08004bd0                PID_Set
 .text.PID_realise
                0x08004bfe      0x12c CMakeFiles/Robomaster_A.elf.dir/User_Core/Src/pid.c.obj
                0x08004bfe                PID_realise
 *fill*         0x08004d2a        0x2 
 .text.RetargetInit
                0x08004d2c       0x20 CMakeFiles/Robomaster_A.elf.dir/User_Core/Src/retarget.c.obj
                0x08004d2c                RetargetInit
 .text._write   0x08004d4c       0x34 CMakeFiles/Robomaster_A.elf.dir/User_Core/Src/retarget.c.obj
                0x08004d4c                _write
 .text._close   0x08004d80       0x18 CMakeFiles/Robomaster_A.elf.dir/User_Core/Src/retarget.c.obj
                0x08004d80                _close
 .text._lseek   0x08004d98       0x10 CMakeFiles/Robomaster_A.elf.dir/User_Core/Src/retarget.c.obj
                0x08004d98                _lseek
 .text._read    0x08004da8       0x30 CMakeFiles/Robomaster_A.elf.dir/User_Core/Src/retarget.c.obj
                0x08004da8                _read
 .text._fstat   0x08004dd8       0x1a CMakeFiles/Robomaster_A.elf.dir/User_Core/Src/retarget.c.obj
                0x08004dd8                _fstat
 *fill*         0x08004df2        0x2 
 .text.__errno  0x08004df4        0xc d:/gcc-arm-none-eabi-10.3-2021.10/bin/../lib/gcc/arm-none-eabi/10.3.1/../../../../arm-none-eabi/lib/thumb/v7e-m+fp/hard\libg.a(lib_a-errno.o)
                0x08004df4                __errno
 .text.__libc_init_array
                0x08004e00       0x48 d:/gcc-arm-none-eabi-10.3-2021.10/bin/../lib/gcc/arm-none-eabi/10.3.1/../../../../arm-none-eabi/lib/thumb/v7e-m+fp/hard\libg.a(lib_a-init.o)
                0x08004e00                __libc_init_array
 .text.memset   0x08004e48       0xa4 d:/gcc-arm-none-eabi-10.3-2021.10/bin/../lib/gcc/arm-none-eabi/10.3.1/../../../../arm-none-eabi/lib/thumb/v7e-m+fp/hard\libg.a(lib_a-memset.o)
                0x08004e48                memset
 .text.setvbuf  0x08004eec      0x1b0 d:/gcc-arm-none-eabi-10.3-2021.10/bin/../lib/gcc/arm-none-eabi/10.3.1/../../../../arm-none-eabi/lib/thumb/v7e-m+fp/hard\libg.a(lib_a-setvbuf.o)
                0x08004eec                setvbuf
 .text.startup.register_fini
                0x0800509c       0x14 d:/gcc-arm-none-eabi-10.3-2021.10/bin/../lib/gcc/arm-none-eabi/10.3.1/../../../../arm-none-eabi/lib/thumb/v7e-m+fp/hard\libg.a(lib_a-__call_atexit.o)
 .text.atexit   0x080050b0        0xc d:/gcc-arm-none-eabi-10.3-2021.10/bin/../lib/gcc/arm-none-eabi/10.3.1/../../../../arm-none-eabi/lib/thumb/v7e-m+fp/hard\libg.a(lib_a-atexit.o)
                0x080050b0                atexit
 .text.__sflush_r
                0x080050bc      0x130 d:/gcc-arm-none-eabi-10.3-2021.10/bin/../lib/gcc/arm-none-eabi/10.3.1/../../../../arm-none-eabi/lib/thumb/v7e-m+fp/hard\libg.a(lib_a-fflush.o)
                0x080050bc                __sflush_r
 .text._fflush_r
                0x080051ec       0x5c d:/gcc-arm-none-eabi-10.3-2021.10/bin/../lib/gcc/arm-none-eabi/10.3.1/../../../../arm-none-eabi/lib/thumb/v7e-m+fp/hard\libg.a(lib_a-fflush.o)
                0x080051ec                _fflush_r
 .text._cleanup_r
                0x08005248        0xc d:/gcc-arm-none-eabi-10.3-2021.10/bin/../lib/gcc/arm-none-eabi/10.3.1/../../../../arm-none-eabi/lib/thumb/v7e-m+fp/hard\libg.a(lib_a-findfp.o)
                0x08005248                _cleanup_r
 .text.__sinit  0x08005254      0x10c d:/gcc-arm-none-eabi-10.3-2021.10/bin/../lib/gcc/arm-none-eabi/10.3.1/../../../../arm-none-eabi/lib/thumb/v7e-m+fp/hard\libg.a(lib_a-findfp.o)
                0x08005254                __sinit
 .text.__sfp_lock_acquire
                0x08005360        0xc d:/gcc-arm-none-eabi-10.3-2021.10/bin/../lib/gcc/arm-none-eabi/10.3.1/../../../../arm-none-eabi/lib/thumb/v7e-m+fp/hard\libg.a(lib_a-findfp.o)
                0x08005360                __sfp_lock_acquire
 .text.__sfp_lock_release
                0x0800536c        0xc d:/gcc-arm-none-eabi-10.3-2021.10/bin/../lib/gcc/arm-none-eabi/10.3.1/../../../../arm-none-eabi/lib/thumb/v7e-m+fp/hard\libg.a(lib_a-findfp.o)
                0x0800536c                __sfp_lock_release
 .text.__libc_fini_array
                0x08005378       0x2c d:/gcc-arm-none-eabi-10.3-2021.10/bin/../lib/gcc/arm-none-eabi/10.3.1/../../../../arm-none-eabi/lib/thumb/v7e-m+fp/hard\libg.a(lib_a-fini.o)
                0x08005378                __libc_fini_array
 .text._malloc_trim_r
                0x080053a4       0xa0 d:/gcc-arm-none-eabi-10.3-2021.10/bin/../lib/gcc/arm-none-eabi/10.3.1/../../../../arm-none-eabi/lib/thumb/v7e-m+fp/hard\libg.a(lib_a-freer.o)
                0x080053a4                _malloc_trim_r
 .text._free_r  0x08005444      0x20c d:/gcc-arm-none-eabi-10.3-2021.10/bin/../lib/gcc/arm-none-eabi/10.3.1/../../../../arm-none-eabi/lib/thumb/v7e-m+fp/hard\libg.a(lib_a-freer.o)
                0x08005444                _free_r
 .text._fwalk_reent
                0x08005650       0x48 d:/gcc-arm-none-eabi-10.3-2021.10/bin/../lib/gcc/arm-none-eabi/10.3.1/../../../../arm-none-eabi/lib/thumb/v7e-m+fp/hard\libg.a(lib_a-fwalk.o)
                0x08005650                _fwalk_reent
 .text.__retarget_lock_init_recursive
                0x08005698        0x4 d:/gcc-arm-none-eabi-10.3-2021.10/bin/../lib/gcc/arm-none-eabi/10.3.1/../../../../arm-none-eabi/lib/thumb/v7e-m+fp/hard\libg.a(lib_a-lock.o)
                0x08005698                __retarget_lock_init_recursive
 .text.__retarget_lock_close_recursive
                0x0800569c        0x4 d:/gcc-arm-none-eabi-10.3-2021.10/bin/../lib/gcc/arm-none-eabi/10.3.1/../../../../arm-none-eabi/lib/thumb/v7e-m+fp/hard\libg.a(lib_a-lock.o)
                0x0800569c                __retarget_lock_close_recursive
 .text.__retarget_lock_acquire_recursive
                0x080056a0        0x4 d:/gcc-arm-none-eabi-10.3-2021.10/bin/../lib/gcc/arm-none-eabi/10.3.1/../../../../arm-none-eabi/lib/thumb/v7e-m+fp/hard\libg.a(lib_a-lock.o)
                0x080056a0                __retarget_lock_acquire_recursive
 .text.__retarget_lock_release_recursive
                0x080056a4        0x4 d:/gcc-arm-none-eabi-10.3-2021.10/bin/../lib/gcc/arm-none-eabi/10.3.1/../../../../arm-none-eabi/lib/thumb/v7e-m+fp/hard\libg.a(lib_a-lock.o)
                0x080056a4                __retarget_lock_release_recursive
 .text.__swhatbuf_r
                0x080056a8       0x60 d:/gcc-arm-none-eabi-10.3-2021.10/bin/../lib/gcc/arm-none-eabi/10.3.1/../../../../arm-none-eabi/lib/thumb/v7e-m+fp/hard\libg.a(lib_a-makebuf.o)
                0x080056a8                __swhatbuf_r
 .text.malloc   0x08005708       0x10 d:/gcc-arm-none-eabi-10.3-2021.10/bin/../lib/gcc/arm-none-eabi/10.3.1/../../../../arm-none-eabi/lib/thumb/v7e-m+fp/hard\libg.a(lib_a-malloc.o)
                0x08005708                malloc
 .text._malloc_r
                0x08005718      0x560 d:/gcc-arm-none-eabi-10.3-2021.10/bin/../lib/gcc/arm-none-eabi/10.3.1/../../../../arm-none-eabi/lib/thumb/v7e-m+fp/hard\libg.a(lib_a-mallocr.o)
                0x08005718                _malloc_r
 .text.__malloc_lock
                0x08005c78        0xc d:/gcc-arm-none-eabi-10.3-2021.10/bin/../lib/gcc/arm-none-eabi/10.3.1/../../../../arm-none-eabi/lib/thumb/v7e-m+fp/hard\libg.a(lib_a-mlock.o)
                0x08005c78                __malloc_lock
 .text.__malloc_unlock
                0x08005c84        0xc d:/gcc-arm-none-eabi-10.3-2021.10/bin/../lib/gcc/arm-none-eabi/10.3.1/../../../../arm-none-eabi/lib/thumb/v7e-m+fp/hard\libg.a(lib_a-mlock.o)
                0x08005c84                __malloc_unlock
 .text._sbrk_r  0x08005c90       0x24 d:/gcc-arm-none-eabi-10.3-2021.10/bin/../lib/gcc/arm-none-eabi/10.3.1/../../../../arm-none-eabi/lib/thumb/v7e-m+fp/hard\libg.a(lib_a-sbrkr.o)
                0x08005c90                _sbrk_r
 .text.__sread  0x08005cb4       0x24 d:/gcc-arm-none-eabi-10.3-2021.10/bin/../lib/gcc/arm-none-eabi/10.3.1/../../../../arm-none-eabi/lib/thumb/v7e-m+fp/hard\libg.a(lib_a-stdio.o)
                0x08005cb4                __sread
 .text.__swrite
                0x08005cd8       0x40 d:/gcc-arm-none-eabi-10.3-2021.10/bin/../lib/gcc/arm-none-eabi/10.3.1/../../../../arm-none-eabi/lib/thumb/v7e-m+fp/hard\libg.a(lib_a-stdio.o)
                0x08005cd8                __swrite
 .text.__sseek  0x08005d18       0x20 d:/gcc-arm-none-eabi-10.3-2021.10/bin/../lib/gcc/arm-none-eabi/10.3.1/../../../../arm-none-eabi/lib/thumb/v7e-m+fp/hard\libg.a(lib_a-stdio.o)
                0x08005d18                __sseek
 .text.__sclose
                0x08005d38        0x8 d:/gcc-arm-none-eabi-10.3-2021.10/bin/../lib/gcc/arm-none-eabi/10.3.1/../../../../arm-none-eabi/lib/thumb/v7e-m+fp/hard\libg.a(lib_a-stdio.o)
                0x08005d38                __sclose
 .text._write_r
                0x08005d40       0x2c d:/gcc-arm-none-eabi-10.3-2021.10/bin/../lib/gcc/arm-none-eabi/10.3.1/../../../../arm-none-eabi/lib/thumb/v7e-m+fp/hard\libg.a(lib_a-writer.o)
                0x08005d40                _write_r
 .text.__register_exitproc
                0x08005d6c       0x8c d:/gcc-arm-none-eabi-10.3-2021.10/bin/../lib/gcc/arm-none-eabi/10.3.1/../../../../arm-none-eabi/lib/thumb/v7e-m+fp/hard\libg.a(lib_a-__atexit.o)
                0x08005d6c                __register_exitproc
 .text._close_r
                0x08005df8       0x24 d:/gcc-arm-none-eabi-10.3-2021.10/bin/../lib/gcc/arm-none-eabi/10.3.1/../../../../arm-none-eabi/lib/thumb/v7e-m+fp/hard\libg.a(lib_a-closer.o)
                0x08005df8                _close_r
 .text._fclose_r
                0x08005e1c       0xcc d:/gcc-arm-none-eabi-10.3-2021.10/bin/../lib/gcc/arm-none-eabi/10.3.1/../../../../arm-none-eabi/lib/thumb/v7e-m+fp/hard\libg.a(lib_a-fclose.o)
                0x08005e1c                _fclose_r
 .text._fstat_r
                0x08005ee8       0x2c d:/gcc-arm-none-eabi-10.3-2021.10/bin/../lib/gcc/arm-none-eabi/10.3.1/../../../../arm-none-eabi/lib/thumb/v7e-m+fp/hard\libg.a(lib_a-fstatr.o)
                0x08005ee8                _fstat_r
 .text._lseek_r
                0x08005f14       0x2c d:/gcc-arm-none-eabi-10.3-2021.10/bin/../lib/gcc/arm-none-eabi/10.3.1/../../../../arm-none-eabi/lib/thumb/v7e-m+fp/hard\libg.a(lib_a-lseekr.o)
                0x08005f14                _lseek_r
 .text._read_r  0x08005f40       0x2c d:/gcc-arm-none-eabi-10.3-2021.10/bin/../lib/gcc/arm-none-eabi/10.3.1/../../../../arm-none-eabi/lib/thumb/v7e-m+fp/hard\libg.a(lib_a-readr.o)
                0x08005f40                _read_r
 *(.glue_7)
 .glue_7        0x08005f6c        0x0 linker stubs
 *(.glue_7t)
 .glue_7t       0x08005f6c        0x0 linker stubs
 *(.eh_frame)
 .eh_frame      0x08005f6c        0x0 d:/gcc-arm-none-eabi-10.3-2021.10/bin/../lib/gcc/arm-none-eabi/10.3.1/thumb/v7e-m+fp/hard/crtbegin.o
 *(.init)
 .init          0x08005f6c        0x4 d:/gcc-arm-none-eabi-10.3-2021.10/bin/../lib/gcc/arm-none-eabi/10.3.1/thumb/v7e-m+fp/hard/crti.o
                0x08005f6c                _init
 .init          0x08005f70        0x8 d:/gcc-arm-none-eabi-10.3-2021.10/bin/../lib/gcc/arm-none-eabi/10.3.1/thumb/v7e-m+fp/hard/crtn.o
 *(.fini)
 .fini          0x08005f78        0x4 d:/gcc-arm-none-eabi-10.3-2021.10/bin/../lib/gcc/arm-none-eabi/10.3.1/thumb/v7e-m+fp/hard/crti.o
                0x08005f78                _fini
 .fini          0x08005f7c        0x8 d:/gcc-arm-none-eabi-10.3-2021.10/bin/../lib/gcc/arm-none-eabi/10.3.1/thumb/v7e-m+fp/hard/crtn.o
                0x08005f84                . = ALIGN (0x4)
                0x08005f84                _etext = .

.vfp11_veneer   0x08005f84        0x0
 .vfp11_veneer  0x08005f84        0x0 linker stubs

.v4_bx          0x08005f84        0x0
 .v4_bx         0x08005f84        0x0 linker stubs

.iplt           0x08005f84        0x0
 .iplt          0x08005f84        0x0 d:/gcc-arm-none-eabi-10.3-2021.10/bin/../lib/gcc/arm-none-eabi/10.3.1/thumb/v7e-m+fp/hard/crtbegin.o

.rodata         0x08005f84       0x7c
                0x08005f84                . = ALIGN (0x4)
 *(.rodata)
 .rodata        0x08005f84       0x38 CMakeFiles/Robomaster_A.elf.dir/Core/Src/freertos.c.obj
 *(.rodata*)
 .rodata.str1.4
                0x08005fbc       0x16 CMakeFiles/Robomaster_A.elf.dir/Core/Src/freertos.c.obj
 *fill*         0x08005fd2        0x2 
 .rodata.AHBPrescTable
                0x08005fd4       0x10 CMakeFiles/Robomaster_A.elf.dir/Core/Src/system_stm32f4xx.c.obj
                0x08005fd4                AHBPrescTable
 .rodata.APBPrescTable
                0x08005fe4        0x8 CMakeFiles/Robomaster_A.elf.dir/Core/Src/system_stm32f4xx.c.obj
                0x08005fe4                APBPrescTable
 .rodata.flagBitshiftOffset.0
                0x08005fec        0x8 CMakeFiles/Robomaster_A.elf.dir/Drivers/STM32F4xx_HAL_Driver/Src/stm32f4xx_hal_dma.c.obj
 .rodata.vTaskStartScheduler.str1.4
                0x08005ff4        0x5 CMakeFiles/Robomaster_A.elf.dir/Middlewares/Third_Party/FreeRTOS/Source/tasks.c.obj
 *fill*         0x08005ff9        0x3 
 .rodata._global_impure_ptr
                0x08005ffc        0x4 d:/gcc-arm-none-eabi-10.3-2021.10/bin/../lib/gcc/arm-none-eabi/10.3.1/../../../../arm-none-eabi/lib/thumb/v7e-m+fp/hard\libg.a(lib_a-impure.o)
                0x08005ffc                _global_impure_ptr
                0x08006000                . = ALIGN (0x4)

.ARM.extab      0x08006000        0x0
                0x08006000                . = ALIGN (0x4)
 *(.ARM.extab* .gnu.linkonce.armextab.*)
                0x08006000                . = ALIGN (0x4)

.ARM            0x08006000        0x8
                0x08006000                . = ALIGN (0x4)
                0x08006000                __exidx_start = .
 *(.ARM.exidx*)
 .ARM.exidx     0x08006000        0x8 d:/gcc-arm-none-eabi-10.3-2021.10/bin/../lib/gcc/arm-none-eabi/10.3.1/thumb/v7e-m+fp/hard\libgcc.a(_udivmoddi4.o)
                0x08006008                __exidx_end = .
                0x08006008                . = ALIGN (0x4)

.rel.dyn        0x08006008        0x0
 .rel.iplt      0x08006008        0x0 d:/gcc-arm-none-eabi-10.3-2021.10/bin/../lib/gcc/arm-none-eabi/10.3.1/thumb/v7e-m+fp/hard/crtbegin.o

.preinit_array  0x08006008        0x0
                0x08006008                . = ALIGN (0x4)
                0x08006008                PROVIDE (__preinit_array_start = .)
 *(.preinit_array*)
                0x08006008                PROVIDE (__preinit_array_end = .)
                0x08006008                . = ALIGN (0x4)

.init_array     0x08006008        0x8
                0x08006008                . = ALIGN (0x4)
                0x08006008                PROVIDE (__init_array_start = .)
 *(SORT_BY_NAME(.init_array.*))
 .init_array.00000
                0x08006008        0x4 d:/gcc-arm-none-eabi-10.3-2021.10/bin/../lib/gcc/arm-none-eabi/10.3.1/../../../../arm-none-eabi/lib/thumb/v7e-m+fp/hard\libg.a(lib_a-__call_atexit.o)
 *(.init_array*)
 .init_array    0x0800600c        0x4 d:/gcc-arm-none-eabi-10.3-2021.10/bin/../lib/gcc/arm-none-eabi/10.3.1/thumb/v7e-m+fp/hard/crtbegin.o
                0x08006010                PROVIDE (__init_array_end = .)
                0x08006010                . = ALIGN (0x4)

.fini_array     0x08006010        0x4
                0x08006010                . = ALIGN (0x4)
                0x08006010                PROVIDE (__fini_array_start = .)
 *(SORT_BY_NAME(.fini_array.*))
 *(.fini_array*)
 .fini_array    0x08006010        0x4 d:/gcc-arm-none-eabi-10.3-2021.10/bin/../lib/gcc/arm-none-eabi/10.3.1/thumb/v7e-m+fp/hard/crtbegin.o
                0x08006014                PROVIDE (__fini_array_end = .)
                0x08006014                . = ALIGN (0x4)
                0x08006014                _sidata = LOADADDR (.data)

.data           0x20000000      0x854 load address 0x08006014
                0x20000000                . = ALIGN (0x4)
                0x20000000                _sdata = .
 *(.data)
 *(.data*)
 .data.SystemCoreClock
                0x20000000        0x4 CMakeFiles/Robomaster_A.elf.dir/Core/Src/system_stm32f4xx.c.obj
                0x20000000                SystemCoreClock
 .data.uwTickFreq
                0x20000004        0x1 CMakeFiles/Robomaster_A.elf.dir/Drivers/STM32F4xx_HAL_Driver/Src/stm32f4xx_hal.c.obj
                0x20000004                uwTickFreq
 *fill*         0x20000005        0x3 
 .data.uwTickPrio
                0x20000008        0x4 CMakeFiles/Robomaster_A.elf.dir/Drivers/STM32F4xx_HAL_Driver/Src/stm32f4xx_hal.c.obj
                0x20000008                uwTickPrio
 .data.uxCriticalNesting
                0x2000000c        0x4 CMakeFiles/Robomaster_A.elf.dir/Middlewares/Third_Party/FreeRTOS/Source/portable/GCC/ARM_CM4F/port.c.obj
 .data._impure_ptr
                0x20000010        0x4 d:/gcc-arm-none-eabi-10.3-2021.10/bin/../lib/gcc/arm-none-eabi/10.3.1/../../../../arm-none-eabi/lib/thumb/v7e-m+fp/hard\libg.a(lib_a-impure.o)
                0x20000010                _impure_ptr
 *fill*         0x20000014        0x4 
 .data.impure_data
                0x20000018      0x428 d:/gcc-arm-none-eabi-10.3-2021.10/bin/../lib/gcc/arm-none-eabi/10.3.1/../../../../arm-none-eabi/lib/thumb/v7e-m+fp/hard\libg.a(lib_a-impure.o)
 .data.__atexit_recursive_mutex
                0x20000440        0x4 d:/gcc-arm-none-eabi-10.3-2021.10/bin/../lib/gcc/arm-none-eabi/10.3.1/../../../../arm-none-eabi/lib/thumb/v7e-m+fp/hard\libg.a(lib_a-__call_atexit.o)
                0x20000440                __atexit_recursive_mutex
 .data.__malloc_av_
                0x20000444      0x408 d:/gcc-arm-none-eabi-10.3-2021.10/bin/../lib/gcc/arm-none-eabi/10.3.1/../../../../arm-none-eabi/lib/thumb/v7e-m+fp/hard\libg.a(lib_a-mallocr.o)
                0x20000444                __malloc_av_
 .data.__malloc_sbrk_base
                0x2000084c        0x4 d:/gcc-arm-none-eabi-10.3-2021.10/bin/../lib/gcc/arm-none-eabi/10.3.1/../../../../arm-none-eabi/lib/thumb/v7e-m+fp/hard\libg.a(lib_a-mallocr.o)
                0x2000084c                __malloc_sbrk_base
 .data.__malloc_trim_threshold
                0x20000850        0x4 d:/gcc-arm-none-eabi-10.3-2021.10/bin/../lib/gcc/arm-none-eabi/10.3.1/../../../../arm-none-eabi/lib/thumb/v7e-m+fp/hard\libg.a(lib_a-mallocr.o)
                0x20000850                __malloc_trim_threshold
 *(.RamFunc)
 *(.RamFunc*)
                0x20000854                . = ALIGN (0x4)
                0x20000854                _edata = .
                0x08006868                _siccmram = LOADADDR (.ccmram)

.igot.plt       0x20000854        0x0 load address 0x08006868
 .igot.plt      0x20000854        0x0 d:/gcc-arm-none-eabi-10.3-2021.10/bin/../lib/gcc/arm-none-eabi/10.3.1/thumb/v7e-m+fp/hard/crtbegin.o

.ccmram         0x10000000        0x0 load address 0x08006868
                0x10000000                . = ALIGN (0x4)
                0x10000000                _sccmram = .
 *(.ccmram)
 *(.ccmram*)
                0x10000000                . = ALIGN (0x4)
                0x10000000                _eccmram = .
                0x10000000                . = ALIGN (0x4)

.bss            0x20000854     0x4598
                0x20000854                _sbss = .
                0x20000854                __bss_start__ = _sbss
 *(.bss)
 .bss           0x20000854       0x1c d:/gcc-arm-none-eabi-10.3-2021.10/bin/../lib/gcc/arm-none-eabi/10.3.1/thumb/v7e-m+fp/hard/crtbegin.o
 *(.bss*)
 .bss.HAL_RCC_CAN1_CLK_ENABLED
                0x20000870        0x4 CMakeFiles/Robomaster_A.elf.dir/Core/Src/can.c.obj
 .bss.hcan1     0x20000874       0x28 CMakeFiles/Robomaster_A.elf.dir/Core/Src/can.c.obj
                0x20000874                hcan1
 .bss.hcan2     0x2000089c       0x28 CMakeFiles/Robomaster_A.elf.dir/Core/Src/can.c.obj
                0x2000089c                hcan2
 .bss.StartDebugHandle
                0x200008c4        0x4 CMakeFiles/Robomaster_A.elf.dir/Core/Src/freertos.c.obj
                0x200008c4                StartDebugHandle
 .bss.Test_TaskHandle
                0x200008c8        0x4 CMakeFiles/Robomaster_A.elf.dir/Core/Src/freertos.c.obj
                0x200008c8                Test_TaskHandle
 .bss.xIdleStack
                0x200008cc      0x200 CMakeFiles/Robomaster_A.elf.dir/Core/Src/freertos.c.obj
 .bss.xIdleTaskTCBBuffer
                0x20000acc       0x54 CMakeFiles/Robomaster_A.elf.dir/Core/Src/freertos.c.obj
 .bss.htim4     0x20000b20       0x48 CMakeFiles/Robomaster_A.elf.dir/Core/Src/stm32f4xx_hal_timebase_tim.c.obj
                0x20000b20                htim4
 .bss.__sbrk_heap_end
                0x20000b68        0x4 CMakeFiles/Robomaster_A.elf.dir/Core/Src/sysmem.c.obj
 .bss.htim12    0x20000b6c       0x48 CMakeFiles/Robomaster_A.elf.dir/Core/Src/tim.c.obj
                0x20000b6c                htim12
 .bss.hdma_uart7_rx
                0x20000bb4       0x60 CMakeFiles/Robomaster_A.elf.dir/Core/Src/usart.c.obj
                0x20000bb4                hdma_uart7_rx
 .bss.hdma_uart7_tx
                0x20000c14       0x60 CMakeFiles/Robomaster_A.elf.dir/Core/Src/usart.c.obj
                0x20000c14                hdma_uart7_tx
 .bss.hdma_uart8_rx
                0x20000c74       0x60 CMakeFiles/Robomaster_A.elf.dir/Core/Src/usart.c.obj
                0x20000c74                hdma_uart8_rx
 .bss.hdma_uart8_tx
                0x20000cd4       0x60 CMakeFiles/Robomaster_A.elf.dir/Core/Src/usart.c.obj
                0x20000cd4                hdma_uart8_tx
 .bss.hdma_usart3_tx
                0x20000d34       0x60 CMakeFiles/Robomaster_A.elf.dir/Core/Src/usart.c.obj
                0x20000d34                hdma_usart3_tx
 .bss.hdma_usart6_rx
                0x20000d94       0x60 CMakeFiles/Robomaster_A.elf.dir/Core/Src/usart.c.obj
                0x20000d94                hdma_usart6_rx
 .bss.hdma_usart6_tx
                0x20000df4       0x60 CMakeFiles/Robomaster_A.elf.dir/Core/Src/usart.c.obj
                0x20000df4                hdma_usart6_tx
 .bss.huart3    0x20000e54       0x44 CMakeFiles/Robomaster_A.elf.dir/Core/Src/usart.c.obj
                0x20000e54                huart3
 .bss.huart6    0x20000e98       0x44 CMakeFiles/Robomaster_A.elf.dir/Core/Src/usart.c.obj
                0x20000e98                huart6
 .bss.huart7    0x20000edc       0x44 CMakeFiles/Robomaster_A.elf.dir/Core/Src/usart.c.obj
                0x20000edc                huart7
 .bss.huart8    0x20000f20       0x44 CMakeFiles/Robomaster_A.elf.dir/Core/Src/usart.c.obj
                0x20000f20                huart8
 .bss.uwTick    0x20000f64        0x4 CMakeFiles/Robomaster_A.elf.dir/Drivers/STM32F4xx_HAL_Driver/Src/stm32f4xx_hal.c.obj
                0x20000f64                uwTick
 .bss.ucMaxSysCallPriority
                0x20000f68        0x1 CMakeFiles/Robomaster_A.elf.dir/Middlewares/Third_Party/FreeRTOS/Source/portable/GCC/ARM_CM4F/port.c.obj
 *fill*         0x20000f69        0x3 
 .bss.ulMaxPRIGROUPValue
                0x20000f6c        0x4 CMakeFiles/Robomaster_A.elf.dir/Middlewares/Third_Party/FreeRTOS/Source/portable/GCC/ARM_CM4F/port.c.obj
 .bss.pxEnd     0x20000f70        0x4 CMakeFiles/Robomaster_A.elf.dir/Middlewares/Third_Party/FreeRTOS/Source/portable/MemMang/heap_4.c.obj
 .bss.ucHeap    0x20000f74     0x3c00 CMakeFiles/Robomaster_A.elf.dir/Middlewares/Third_Party/FreeRTOS/Source/portable/MemMang/heap_4.c.obj
 .bss.xBlockAllocatedBit
                0x20004b74        0x4 CMakeFiles/Robomaster_A.elf.dir/Middlewares/Third_Party/FreeRTOS/Source/portable/MemMang/heap_4.c.obj
 .bss.xFreeBytesRemaining
                0x20004b78        0x4 CMakeFiles/Robomaster_A.elf.dir/Middlewares/Third_Party/FreeRTOS/Source/portable/MemMang/heap_4.c.obj
 .bss.xMinimumEverFreeBytesRemaining
                0x20004b7c        0x4 CMakeFiles/Robomaster_A.elf.dir/Middlewares/Third_Party/FreeRTOS/Source/portable/MemMang/heap_4.c.obj
 .bss.xNumberOfSuccessfulAllocations
                0x20004b80        0x4 CMakeFiles/Robomaster_A.elf.dir/Middlewares/Third_Party/FreeRTOS/Source/portable/MemMang/heap_4.c.obj
 .bss.xNumberOfSuccessfulFrees
                0x20004b84        0x4 CMakeFiles/Robomaster_A.elf.dir/Middlewares/Third_Party/FreeRTOS/Source/portable/MemMang/heap_4.c.obj
 .bss.xStart    0x20004b88        0x8 CMakeFiles/Robomaster_A.elf.dir/Middlewares/Third_Party/FreeRTOS/Source/portable/MemMang/heap_4.c.obj
 .bss.pxCurrentTCB
                0x20004b90        0x4 CMakeFiles/Robomaster_A.elf.dir/Middlewares/Third_Party/FreeRTOS/Source/tasks.c.obj
                0x20004b90                pxCurrentTCB
 .bss.pxDelayedTaskList
                0x20004b94        0x4 CMakeFiles/Robomaster_A.elf.dir/Middlewares/Third_Party/FreeRTOS/Source/tasks.c.obj
 .bss.pxOverflowDelayedTaskList
                0x20004b98        0x4 CMakeFiles/Robomaster_A.elf.dir/Middlewares/Third_Party/FreeRTOS/Source/tasks.c.obj
 .bss.pxReadyTasksLists
                0x20004b9c       0x8c CMakeFiles/Robomaster_A.elf.dir/Middlewares/Third_Party/FreeRTOS/Source/tasks.c.obj
 .bss.uxCurrentNumberOfTasks
                0x20004c28        0x4 CMakeFiles/Robomaster_A.elf.dir/Middlewares/Third_Party/FreeRTOS/Source/tasks.c.obj
 .bss.uxDeletedTasksWaitingCleanUp
                0x20004c2c        0x4 CMakeFiles/Robomaster_A.elf.dir/Middlewares/Third_Party/FreeRTOS/Source/tasks.c.obj
 .bss.uxSchedulerSuspended
                0x20004c30        0x4 CMakeFiles/Robomaster_A.elf.dir/Middlewares/Third_Party/FreeRTOS/Source/tasks.c.obj
 .bss.uxTaskNumber
                0x20004c34        0x4 CMakeFiles/Robomaster_A.elf.dir/Middlewares/Third_Party/FreeRTOS/Source/tasks.c.obj
 .bss.uxTopReadyPriority
                0x20004c38        0x4 CMakeFiles/Robomaster_A.elf.dir/Middlewares/Third_Party/FreeRTOS/Source/tasks.c.obj
 .bss.xDelayedTaskList1
                0x20004c3c       0x14 CMakeFiles/Robomaster_A.elf.dir/Middlewares/Third_Party/FreeRTOS/Source/tasks.c.obj
 .bss.xDelayedTaskList2
                0x20004c50       0x14 CMakeFiles/Robomaster_A.elf.dir/Middlewares/Third_Party/FreeRTOS/Source/tasks.c.obj
 .bss.xIdleTaskHandle
                0x20004c64        0x4 CMakeFiles/Robomaster_A.elf.dir/Middlewares/Third_Party/FreeRTOS/Source/tasks.c.obj
 .bss.xNextTaskUnblockTime
                0x20004c68        0x4 CMakeFiles/Robomaster_A.elf.dir/Middlewares/Third_Party/FreeRTOS/Source/tasks.c.obj
 .bss.xNumOfOverflows
                0x20004c6c        0x4 CMakeFiles/Robomaster_A.elf.dir/Middlewares/Third_Party/FreeRTOS/Source/tasks.c.obj
 .bss.xPendedTicks
                0x20004c70        0x4 CMakeFiles/Robomaster_A.elf.dir/Middlewares/Third_Party/FreeRTOS/Source/tasks.c.obj
 .bss.xPendingReadyList
                0x20004c74       0x14 CMakeFiles/Robomaster_A.elf.dir/Middlewares/Third_Party/FreeRTOS/Source/tasks.c.obj
 .bss.xSchedulerRunning
                0x20004c88        0x4 CMakeFiles/Robomaster_A.elf.dir/Middlewares/Third_Party/FreeRTOS/Source/tasks.c.obj
 .bss.xSuspendedTaskList
                0x20004c8c       0x14 CMakeFiles/Robomaster_A.elf.dir/Middlewares/Third_Party/FreeRTOS/Source/tasks.c.obj
 .bss.xTasksWaitingTermination
                0x20004ca0       0x14 CMakeFiles/Robomaster_A.elf.dir/Middlewares/Third_Party/FreeRTOS/Source/tasks.c.obj
 .bss.xTickCount
                0x20004cb4        0x4 CMakeFiles/Robomaster_A.elf.dir/Middlewares/Third_Party/FreeRTOS/Source/tasks.c.obj
 .bss.xYieldPending
                0x20004cb8        0x4 CMakeFiles/Robomaster_A.elf.dir/Middlewares/Third_Party/FreeRTOS/Source/tasks.c.obj
 .bss.index.0   0x20004cbc        0x1 CMakeFiles/Robomaster_A.elf.dir/User_Core/Src/can_rec.c.obj
 *fill*         0x20004cbd        0x3 
 .bss.motor_info
                0x20004cc0       0xe0 CMakeFiles/Robomaster_A.elf.dir/User_Core/Src/can_rec.c.obj
                0x20004cc0                motor_info
 .bss.gHuart    0x20004da0        0x4 CMakeFiles/Robomaster_A.elf.dir/User_Core/Src/retarget.c.obj
                0x20004da0                gHuart
 .bss.__lock___atexit_recursive_mutex
                0x20004da4        0x1 d:/gcc-arm-none-eabi-10.3-2021.10/bin/../lib/gcc/arm-none-eabi/10.3.1/../../../../arm-none-eabi/lib/thumb/v7e-m+fp/hard\libg.a(lib_a-lock.o)
                0x20004da4                __lock___atexit_recursive_mutex
 *fill*         0x20004da5        0x3 
 .bss.__lock___malloc_recursive_mutex
                0x20004da8        0x1 d:/gcc-arm-none-eabi-10.3-2021.10/bin/../lib/gcc/arm-none-eabi/10.3.1/../../../../arm-none-eabi/lib/thumb/v7e-m+fp/hard\libg.a(lib_a-lock.o)
                0x20004da8                __lock___malloc_recursive_mutex
 *fill*         0x20004da9        0x3 
 .bss.__lock___sfp_recursive_mutex
                0x20004dac        0x1 d:/gcc-arm-none-eabi-10.3-2021.10/bin/../lib/gcc/arm-none-eabi/10.3.1/../../../../arm-none-eabi/lib/thumb/v7e-m+fp/hard\libg.a(lib_a-lock.o)
                0x20004dac                __lock___sfp_recursive_mutex
 *fill*         0x20004dad        0x3 
 .bss.__lock___sinit_recursive_mutex
                0x20004db0        0x1 d:/gcc-arm-none-eabi-10.3-2021.10/bin/../lib/gcc/arm-none-eabi/10.3.1/../../../../arm-none-eabi/lib/thumb/v7e-m+fp/hard\libg.a(lib_a-lock.o)
                0x20004db0                __lock___sinit_recursive_mutex
 *fill*         0x20004db1        0x3 
 .bss.__malloc_current_mallinfo
                0x20004db4       0x28 d:/gcc-arm-none-eabi-10.3-2021.10/bin/../lib/gcc/arm-none-eabi/10.3.1/../../../../arm-none-eabi/lib/thumb/v7e-m+fp/hard\libg.a(lib_a-mallocr.o)
                0x20004db4                __malloc_current_mallinfo
 .bss.__malloc_max_sbrked_mem
                0x20004ddc        0x4 d:/gcc-arm-none-eabi-10.3-2021.10/bin/../lib/gcc/arm-none-eabi/10.3.1/../../../../arm-none-eabi/lib/thumb/v7e-m+fp/hard\libg.a(lib_a-mallocr.o)
                0x20004ddc                __malloc_max_sbrked_mem
 .bss.__malloc_max_total_mem
                0x20004de0        0x4 d:/gcc-arm-none-eabi-10.3-2021.10/bin/../lib/gcc/arm-none-eabi/10.3.1/../../../../arm-none-eabi/lib/thumb/v7e-m+fp/hard\libg.a(lib_a-mallocr.o)
                0x20004de0                __malloc_max_total_mem
 .bss.__malloc_top_pad
                0x20004de4        0x4 d:/gcc-arm-none-eabi-10.3-2021.10/bin/../lib/gcc/arm-none-eabi/10.3.1/../../../../arm-none-eabi/lib/thumb/v7e-m+fp/hard\libg.a(lib_a-mallocr.o)
                0x20004de4                __malloc_top_pad
 .bss.errno     0x20004de8        0x4 d:/gcc-arm-none-eabi-10.3-2021.10/bin/../lib/gcc/arm-none-eabi/10.3.1/../../../../arm-none-eabi/lib/thumb/v7e-m+fp/hard\libg.a(lib_a-reent.o)
                0x20004de8                errno
 *(COMMON)
                0x20004dec                . = ALIGN (0x4)
                0x20004dec                _ebss = .
                0x20004dec                __bss_end__ = _ebss

._user_heap_stack
                0x20004dec      0x604
                0x20004df0                . = ALIGN (0x8)
 *fill*         0x20004dec        0x4 
                [!provide]                PROVIDE (end = .)
                0x20004df0                PROVIDE (_end = .)
                0x20004ff0                . = (. + _Min_Heap_Size)
 *fill*         0x20004df0      0x200 
                0x200053f0                . = (. + _Min_Stack_Size)
 *fill*         0x20004ff0      0x400 
                0x200053f0                . = ALIGN (0x8)

/DISCARD/
 libc.a(*)
 libm.a(*)
 libgcc.a(*)

.ARM.attributes
                0x00000000       0x30
 *(.ARM.attributes)
 .ARM.attributes
                0x00000000       0x1e d:/gcc-arm-none-eabi-10.3-2021.10/bin/../lib/gcc/arm-none-eabi/10.3.1/thumb/v7e-m+fp/hard/crti.o
 .ARM.attributes
                0x0000001e       0x34 d:/gcc-arm-none-eabi-10.3-2021.10/bin/../lib/gcc/arm-none-eabi/10.3.1/thumb/v7e-m+fp/hard/crtbegin.o
 .ARM.attributes
                0x00000052       0x34 CMakeFiles/Robomaster_A.elf.dir/Core/Src/can.c.obj
 .ARM.attributes
                0x00000086       0x34 CMakeFiles/Robomaster_A.elf.dir/Core/Src/dma.c.obj
 .ARM.attributes
                0x000000ba       0x34 CMakeFiles/Robomaster_A.elf.dir/Core/Src/freertos.c.obj
 .ARM.attributes
                0x000000ee       0x34 CMakeFiles/Robomaster_A.elf.dir/Core/Src/gpio.c.obj
 .ARM.attributes
                0x00000122       0x34 CMakeFiles/Robomaster_A.elf.dir/Core/Src/main.c.obj
 .ARM.attributes
                0x00000156       0x34 CMakeFiles/Robomaster_A.elf.dir/Core/Src/stm32f4xx_hal_msp.c.obj
 .ARM.attributes
                0x0000018a       0x34 CMakeFiles/Robomaster_A.elf.dir/Core/Src/stm32f4xx_hal_timebase_tim.c.obj
 .ARM.attributes
                0x000001be       0x34 CMakeFiles/Robomaster_A.elf.dir/Core/Src/stm32f4xx_it.c.obj
 .ARM.attributes
                0x000001f2       0x34 CMakeFiles/Robomaster_A.elf.dir/Core/Src/sysmem.c.obj
 .ARM.attributes
                0x00000226       0x34 CMakeFiles/Robomaster_A.elf.dir/Core/Src/system_stm32f4xx.c.obj
 .ARM.attributes
                0x0000025a       0x34 CMakeFiles/Robomaster_A.elf.dir/Core/Src/tim.c.obj
 .ARM.attributes
                0x0000028e       0x34 CMakeFiles/Robomaster_A.elf.dir/Core/Src/usart.c.obj
 .ARM.attributes
                0x000002c2       0x21 CMakeFiles/Robomaster_A.elf.dir/Core/Startup/startup_stm32f427iihx.s.obj
 .ARM.attributes
                0x000002e3       0x34 CMakeFiles/Robomaster_A.elf.dir/Drivers/STM32F4xx_HAL_Driver/Src/stm32f4xx_hal.c.obj
 .ARM.attributes
                0x00000317       0x34 CMakeFiles/Robomaster_A.elf.dir/Drivers/STM32F4xx_HAL_Driver/Src/stm32f4xx_hal_can.c.obj
 .ARM.attributes
                0x0000034b       0x34 CMakeFiles/Robomaster_A.elf.dir/Drivers/STM32F4xx_HAL_Driver/Src/stm32f4xx_hal_cortex.c.obj
 .ARM.attributes
                0x0000037f       0x34 CMakeFiles/Robomaster_A.elf.dir/Drivers/STM32F4xx_HAL_Driver/Src/stm32f4xx_hal_dma.c.obj
 .ARM.attributes
                0x000003b3       0x34 CMakeFiles/Robomaster_A.elf.dir/Drivers/STM32F4xx_HAL_Driver/Src/stm32f4xx_hal_gpio.c.obj
 .ARM.attributes
                0x000003e7       0x34 CMakeFiles/Robomaster_A.elf.dir/Drivers/STM32F4xx_HAL_Driver/Src/stm32f4xx_hal_rcc.c.obj
 .ARM.attributes
                0x0000041b       0x34 CMakeFiles/Robomaster_A.elf.dir/Drivers/STM32F4xx_HAL_Driver/Src/stm32f4xx_hal_tim.c.obj
 .ARM.attributes
                0x0000044f       0x34 CMakeFiles/Robomaster_A.elf.dir/Drivers/STM32F4xx_HAL_Driver/Src/stm32f4xx_hal_tim_ex.c.obj
 .ARM.attributes
                0x00000483       0x34 CMakeFiles/Robomaster_A.elf.dir/Drivers/STM32F4xx_HAL_Driver/Src/stm32f4xx_hal_uart.c.obj
 .ARM.attributes
                0x000004b7       0x34 CMakeFiles/Robomaster_A.elf.dir/Middlewares/Third_Party/FreeRTOS/Source/CMSIS_RTOS/cmsis_os.c.obj
 .ARM.attributes
                0x000004eb       0x34 CMakeFiles/Robomaster_A.elf.dir/Middlewares/Third_Party/FreeRTOS/Source/list.c.obj
 .ARM.attributes
                0x0000051f       0x34 CMakeFiles/Robomaster_A.elf.dir/Middlewares/Third_Party/FreeRTOS/Source/portable/GCC/ARM_CM4F/port.c.obj
 .ARM.attributes
                0x00000553       0x34 CMakeFiles/Robomaster_A.elf.dir/Middlewares/Third_Party/FreeRTOS/Source/portable/MemMang/heap_4.c.obj
 .ARM.attributes
                0x00000587       0x34 CMakeFiles/Robomaster_A.elf.dir/Middlewares/Third_Party/FreeRTOS/Source/tasks.c.obj
 .ARM.attributes
                0x000005bb       0x34 CMakeFiles/Robomaster_A.elf.dir/User_Core/Src/LED.c.obj
 .ARM.attributes
                0x000005ef       0x34 CMakeFiles/Robomaster_A.elf.dir/User_Core/Src/Mymain.c.obj
 .ARM.attributes
                0x00000623       0x34 CMakeFiles/Robomaster_A.elf.dir/User_Core/Src/can_rec.c.obj
 .ARM.attributes
                0x00000657       0x34 CMakeFiles/Robomaster_A.elf.dir/User_Core/Src/pid.c.obj
 .ARM.attributes
                0x0000068b       0x34 CMakeFiles/Robomaster_A.elf.dir/User_Core/Src/retarget.c.obj
 .ARM.attributes
                0x000006bf       0x1e d:/gcc-arm-none-eabi-10.3-2021.10/bin/../lib/gcc/arm-none-eabi/10.3.1/thumb/v7e-m+fp/hard\libgcc.a(_aeabi_uldivmod.o)
 .ARM.attributes
                0x000006dd       0x34 d:/gcc-arm-none-eabi-10.3-2021.10/bin/../lib/gcc/arm-none-eabi/10.3.1/thumb/v7e-m+fp/hard\libgcc.a(_udivmoddi4.o)
 .ARM.attributes
                0x00000711       0x1e d:/gcc-arm-none-eabi-10.3-2021.10/bin/../lib/gcc/arm-none-eabi/10.3.1/thumb/v7e-m+fp/hard\libgcc.a(_dvmd_tls.o)
 .ARM.attributes
                0x0000072f       0x34 d:/gcc-arm-none-eabi-10.3-2021.10/bin/../lib/gcc/arm-none-eabi/10.3.1/../../../../arm-none-eabi/lib/thumb/v7e-m+fp/hard\libg.a(lib_a-errno.o)
 .ARM.attributes
                0x00000763       0x34 d:/gcc-arm-none-eabi-10.3-2021.10/bin/../lib/gcc/arm-none-eabi/10.3.1/../../../../arm-none-eabi/lib/thumb/v7e-m+fp/hard\libg.a(lib_a-impure.o)
 .ARM.attributes
                0x00000797       0x34 d:/gcc-arm-none-eabi-10.3-2021.10/bin/../lib/gcc/arm-none-eabi/10.3.1/../../../../arm-none-eabi/lib/thumb/v7e-m+fp/hard\libg.a(lib_a-init.o)
 .ARM.attributes
                0x000007cb       0x34 d:/gcc-arm-none-eabi-10.3-2021.10/bin/../lib/gcc/arm-none-eabi/10.3.1/../../../../arm-none-eabi/lib/thumb/v7e-m+fp/hard\libg.a(lib_a-memset.o)
 .ARM.attributes
                0x000007ff       0x34 d:/gcc-arm-none-eabi-10.3-2021.10/bin/../lib/gcc/arm-none-eabi/10.3.1/../../../../arm-none-eabi/lib/thumb/v7e-m+fp/hard\libg.a(lib_a-setvbuf.o)
 .ARM.attributes
                0x00000833       0x34 d:/gcc-arm-none-eabi-10.3-2021.10/bin/../lib/gcc/arm-none-eabi/10.3.1/../../../../arm-none-eabi/lib/thumb/v7e-m+fp/hard\libg.a(lib_a-__call_atexit.o)
 .ARM.attributes
                0x00000867       0x34 d:/gcc-arm-none-eabi-10.3-2021.10/bin/../lib/gcc/arm-none-eabi/10.3.1/../../../../arm-none-eabi/lib/thumb/v7e-m+fp/hard\libg.a(lib_a-atexit.o)
 .ARM.attributes
                0x0000089b       0x34 d:/gcc-arm-none-eabi-10.3-2021.10/bin/../lib/gcc/arm-none-eabi/10.3.1/../../../../arm-none-eabi/lib/thumb/v7e-m+fp/hard\libg.a(lib_a-fflush.o)
 .ARM.attributes
                0x000008cf       0x34 d:/gcc-arm-none-eabi-10.3-2021.10/bin/../lib/gcc/arm-none-eabi/10.3.1/../../../../arm-none-eabi/lib/thumb/v7e-m+fp/hard\libg.a(lib_a-findfp.o)
 .ARM.attributes
                0x00000903       0x34 d:/gcc-arm-none-eabi-10.3-2021.10/bin/../lib/gcc/arm-none-eabi/10.3.1/../../../../arm-none-eabi/lib/thumb/v7e-m+fp/hard\libg.a(lib_a-fini.o)
 .ARM.attributes
                0x00000937       0x34 d:/gcc-arm-none-eabi-10.3-2021.10/bin/../lib/gcc/arm-none-eabi/10.3.1/../../../../arm-none-eabi/lib/thumb/v7e-m+fp/hard\libg.a(lib_a-freer.o)
 .ARM.attributes
                0x0000096b       0x34 d:/gcc-arm-none-eabi-10.3-2021.10/bin/../lib/gcc/arm-none-eabi/10.3.1/../../../../arm-none-eabi/lib/thumb/v7e-m+fp/hard\libg.a(lib_a-fwalk.o)
 .ARM.attributes
                0x0000099f       0x34 d:/gcc-arm-none-eabi-10.3-2021.10/bin/../lib/gcc/arm-none-eabi/10.3.1/../../../../arm-none-eabi/lib/thumb/v7e-m+fp/hard\libg.a(lib_a-lock.o)
 .ARM.attributes
                0x000009d3       0x34 d:/gcc-arm-none-eabi-10.3-2021.10/bin/../lib/gcc/arm-none-eabi/10.3.1/../../../../arm-none-eabi/lib/thumb/v7e-m+fp/hard\libg.a(lib_a-makebuf.o)
 .ARM.attributes
                0x00000a07       0x34 d:/gcc-arm-none-eabi-10.3-2021.10/bin/../lib/gcc/arm-none-eabi/10.3.1/../../../../arm-none-eabi/lib/thumb/v7e-m+fp/hard\libg.a(lib_a-malloc.o)
 .ARM.attributes
                0x00000a3b       0x34 d:/gcc-arm-none-eabi-10.3-2021.10/bin/../lib/gcc/arm-none-eabi/10.3.1/../../../../arm-none-eabi/lib/thumb/v7e-m+fp/hard\libg.a(lib_a-mallocr.o)
 .ARM.attributes
                0x00000a6f       0x34 d:/gcc-arm-none-eabi-10.3-2021.10/bin/../lib/gcc/arm-none-eabi/10.3.1/../../../../arm-none-eabi/lib/thumb/v7e-m+fp/hard\libg.a(lib_a-mlock.o)
 .ARM.attributes
                0x00000aa3       0x34 d:/gcc-arm-none-eabi-10.3-2021.10/bin/../lib/gcc/arm-none-eabi/10.3.1/../../../../arm-none-eabi/lib/thumb/v7e-m+fp/hard\libg.a(lib_a-sbrkr.o)
 .ARM.attributes
                0x00000ad7       0x34 d:/gcc-arm-none-eabi-10.3-2021.10/bin/../lib/gcc/arm-none-eabi/10.3.1/../../../../arm-none-eabi/lib/thumb/v7e-m+fp/hard\libg.a(lib_a-stdio.o)
 .ARM.attributes
                0x00000b0b       0x34 d:/gcc-arm-none-eabi-10.3-2021.10/bin/../lib/gcc/arm-none-eabi/10.3.1/../../../../arm-none-eabi/lib/thumb/v7e-m+fp/hard\libg.a(lib_a-writer.o)
 .ARM.attributes
                0x00000b3f       0x34 d:/gcc-arm-none-eabi-10.3-2021.10/bin/../lib/gcc/arm-none-eabi/10.3.1/../../../../arm-none-eabi/lib/thumb/v7e-m+fp/hard\libg.a(lib_a-__atexit.o)
 .ARM.attributes
                0x00000b73       0x34 d:/gcc-arm-none-eabi-10.3-2021.10/bin/../lib/gcc/arm-none-eabi/10.3.1/../../../../arm-none-eabi/lib/thumb/v7e-m+fp/hard\libg.a(lib_a-closer.o)
 .ARM.attributes
                0x00000ba7       0x34 d:/gcc-arm-none-eabi-10.3-2021.10/bin/../lib/gcc/arm-none-eabi/10.3.1/../../../../arm-none-eabi/lib/thumb/v7e-m+fp/hard\libg.a(lib_a-fclose.o)
 .ARM.attributes
                0x00000bdb       0x34 d:/gcc-arm-none-eabi-10.3-2021.10/bin/../lib/gcc/arm-none-eabi/10.3.1/../../../../arm-none-eabi/lib/thumb/v7e-m+fp/hard\libg.a(lib_a-fstatr.o)
 .ARM.attributes
                0x00000c0f       0x34 d:/gcc-arm-none-eabi-10.3-2021.10/bin/../lib/gcc/arm-none-eabi/10.3.1/../../../../arm-none-eabi/lib/thumb/v7e-m+fp/hard\libg.a(lib_a-lseekr.o)
 .ARM.attributes
                0x00000c43       0x34 d:/gcc-arm-none-eabi-10.3-2021.10/bin/../lib/gcc/arm-none-eabi/10.3.1/../../../../arm-none-eabi/lib/thumb/v7e-m+fp/hard\libg.a(lib_a-readr.o)
 .ARM.attributes
                0x00000c77       0x34 d:/gcc-arm-none-eabi-10.3-2021.10/bin/../lib/gcc/arm-none-eabi/10.3.1/../../../../arm-none-eabi/lib/thumb/v7e-m+fp/hard\libg.a(lib_a-reent.o)
 .ARM.attributes
                0x00000cab       0x1e d:/gcc-arm-none-eabi-10.3-2021.10/bin/../lib/gcc/arm-none-eabi/10.3.1/thumb/v7e-m+fp/hard/crtn.o
OUTPUT(Robomaster_A.elf elf32-littlearm)
LOAD linker stubs
LOAD d:/gcc-arm-none-eabi-10.3-2021.10/bin/../lib/gcc/arm-none-eabi/10.3.1/../../../../arm-none-eabi/lib/thumb/v7e-m+fp/hard\libc.a
LOAD d:/gcc-arm-none-eabi-10.3-2021.10/bin/../lib/gcc/arm-none-eabi/10.3.1/../../../../arm-none-eabi/lib/thumb/v7e-m+fp/hard\libm.a
LOAD d:/gcc-arm-none-eabi-10.3-2021.10/bin/../lib/gcc/arm-none-eabi/10.3.1/thumb/v7e-m+fp/hard\libgcc.a

.debug_info     0x00000000    0x1eede
 .debug_info    0x00000000      0xd0d CMakeFiles/Robomaster_A.elf.dir/Core/Src/can.c.obj
 .debug_info    0x00000d0d      0x696 CMakeFiles/Robomaster_A.elf.dir/Core/Src/dma.c.obj
 .debug_info    0x000013a3     0x120c CMakeFiles/Robomaster_A.elf.dir/Core/Src/freertos.c.obj
 .debug_info    0x000025af      0x622 CMakeFiles/Robomaster_A.elf.dir/Core/Src/gpio.c.obj
 .debug_info    0x00002bd1      0xc76 CMakeFiles/Robomaster_A.elf.dir/Core/Src/main.c.obj
 .debug_info    0x00003847      0x54c CMakeFiles/Robomaster_A.elf.dir/Core/Src/stm32f4xx_hal_msp.c.obj
 .debug_info    0x00003d93      0xce2 CMakeFiles/Robomaster_A.elf.dir/Core/Src/stm32f4xx_hal_timebase_tim.c.obj
 .debug_info    0x00004a75      0xfc3 CMakeFiles/Robomaster_A.elf.dir/Core/Src/stm32f4xx_it.c.obj
 .debug_info    0x00005a38      0x174 CMakeFiles/Robomaster_A.elf.dir/Core/Src/sysmem.c.obj
 .debug_info    0x00005bac      0x554 CMakeFiles/Robomaster_A.elf.dir/Core/Src/system_stm32f4xx.c.obj
 .debug_info    0x00006100      0xc76 CMakeFiles/Robomaster_A.elf.dir/Core/Src/tim.c.obj
 .debug_info    0x00006d76     0x119c CMakeFiles/Robomaster_A.elf.dir/Core/Src/usart.c.obj
 .debug_info    0x00007f12       0x22 CMakeFiles/Robomaster_A.elf.dir/Core/Startup/startup_stm32f427iihx.s.obj
 .debug_info    0x00007f34      0xa5c CMakeFiles/Robomaster_A.elf.dir/Drivers/STM32F4xx_HAL_Driver/Src/stm32f4xx_hal.c.obj
 .debug_info    0x00008990     0x126e CMakeFiles/Robomaster_A.elf.dir/Drivers/STM32F4xx_HAL_Driver/Src/stm32f4xx_hal_can.c.obj
 .debug_info    0x00009bfe     0x10c2 CMakeFiles/Robomaster_A.elf.dir/Drivers/STM32F4xx_HAL_Driver/Src/stm32f4xx_hal_cortex.c.obj
 .debug_info    0x0000acc0      0xb3f CMakeFiles/Robomaster_A.elf.dir/Drivers/STM32F4xx_HAL_Driver/Src/stm32f4xx_hal_dma.c.obj
 .debug_info    0x0000b7ff      0x7cc CMakeFiles/Robomaster_A.elf.dir/Drivers/STM32F4xx_HAL_Driver/Src/stm32f4xx_hal_gpio.c.obj
 .debug_info    0x0000bfcb      0xb1f CMakeFiles/Robomaster_A.elf.dir/Drivers/STM32F4xx_HAL_Driver/Src/stm32f4xx_hal_rcc.c.obj
 .debug_info    0x0000caea     0x3d5b CMakeFiles/Robomaster_A.elf.dir/Drivers/STM32F4xx_HAL_Driver/Src/stm32f4xx_hal_tim.c.obj
 .debug_info    0x00010845     0x1ade CMakeFiles/Robomaster_A.elf.dir/Drivers/STM32F4xx_HAL_Driver/Src/stm32f4xx_hal_tim_ex.c.obj
 .debug_info    0x00012323     0x424e CMakeFiles/Robomaster_A.elf.dir/Drivers/STM32F4xx_HAL_Driver/Src/stm32f4xx_hal_uart.c.obj
 .debug_info    0x00016571     0x222b CMakeFiles/Robomaster_A.elf.dir/Middlewares/Third_Party/FreeRTOS/Source/CMSIS_RTOS/cmsis_os.c.obj
 .debug_info    0x0001879c      0x2e0 CMakeFiles/Robomaster_A.elf.dir/Middlewares/Third_Party/FreeRTOS/Source/list.c.obj
 .debug_info    0x00018a7c      0x587 CMakeFiles/Robomaster_A.elf.dir/Middlewares/Third_Party/FreeRTOS/Source/portable/GCC/ARM_CM4F/port.c.obj
 .debug_info    0x00019003      0x5d9 CMakeFiles/Robomaster_A.elf.dir/Middlewares/Third_Party/FreeRTOS/Source/portable/MemMang/heap_4.c.obj
 .debug_info    0x000195dc     0x2971 CMakeFiles/Robomaster_A.elf.dir/Middlewares/Third_Party/FreeRTOS/Source/tasks.c.obj
 .debug_info    0x0001bf4d      0x48c CMakeFiles/Robomaster_A.elf.dir/User_Core/Src/LED.c.obj
 .debug_info    0x0001c3d9      0x95c CMakeFiles/Robomaster_A.elf.dir/User_Core/Src/Mymain.c.obj
 .debug_info    0x0001cd35      0xc72 CMakeFiles/Robomaster_A.elf.dir/User_Core/Src/can_rec.c.obj
 .debug_info    0x0001d9a7      0x238 CMakeFiles/Robomaster_A.elf.dir/User_Core/Src/pid.c.obj
 .debug_info    0x0001dbdf     0x12ff CMakeFiles/Robomaster_A.elf.dir/User_Core/Src/retarget.c.obj

.debug_abbrev   0x00000000     0x3f6b
 .debug_abbrev  0x00000000      0x1f6 CMakeFiles/Robomaster_A.elf.dir/Core/Src/can.c.obj
 .debug_abbrev  0x000001f6      0x126 CMakeFiles/Robomaster_A.elf.dir/Core/Src/dma.c.obj
 .debug_abbrev  0x0000031c      0x264 CMakeFiles/Robomaster_A.elf.dir/Core/Src/freertos.c.obj
 .debug_abbrev  0x00000580      0x14e CMakeFiles/Robomaster_A.elf.dir/Core/Src/gpio.c.obj
 .debug_abbrev  0x000006ce      0x20f CMakeFiles/Robomaster_A.elf.dir/Core/Src/main.c.obj
 .debug_abbrev  0x000008dd      0x119 CMakeFiles/Robomaster_A.elf.dir/Core/Src/stm32f4xx_hal_msp.c.obj
 .debug_abbrev  0x000009f6      0x1ff CMakeFiles/Robomaster_A.elf.dir/Core/Src/stm32f4xx_hal_timebase_tim.c.obj
 .debug_abbrev  0x00000bf5      0x1de CMakeFiles/Robomaster_A.elf.dir/Core/Src/stm32f4xx_it.c.obj
 .debug_abbrev  0x00000dd3       0xe7 CMakeFiles/Robomaster_A.elf.dir/Core/Src/sysmem.c.obj
 .debug_abbrev  0x00000eba      0x119 CMakeFiles/Robomaster_A.elf.dir/Core/Src/system_stm32f4xx.c.obj
 .debug_abbrev  0x00000fd3      0x200 CMakeFiles/Robomaster_A.elf.dir/Core/Src/tim.c.obj
 .debug_abbrev  0x000011d3      0x237 CMakeFiles/Robomaster_A.elf.dir/Core/Src/usart.c.obj
 .debug_abbrev  0x0000140a       0x12 CMakeFiles/Robomaster_A.elf.dir/Core/Startup/startup_stm32f427iihx.s.obj
 .debug_abbrev  0x0000141c      0x206 CMakeFiles/Robomaster_A.elf.dir/Drivers/STM32F4xx_HAL_Driver/Src/stm32f4xx_hal.c.obj
 .debug_abbrev  0x00001622      0x267 CMakeFiles/Robomaster_A.elf.dir/Drivers/STM32F4xx_HAL_Driver/Src/stm32f4xx_hal_can.c.obj
 .debug_abbrev  0x00001889      0x36a CMakeFiles/Robomaster_A.elf.dir/Drivers/STM32F4xx_HAL_Driver/Src/stm32f4xx_hal_cortex.c.obj
 .debug_abbrev  0x00001bf3      0x2c2 CMakeFiles/Robomaster_A.elf.dir/Drivers/STM32F4xx_HAL_Driver/Src/stm32f4xx_hal_dma.c.obj
 .debug_abbrev  0x00001eb5      0x1ef CMakeFiles/Robomaster_A.elf.dir/Drivers/STM32F4xx_HAL_Driver/Src/stm32f4xx_hal_gpio.c.obj
 .debug_abbrev  0x000020a4      0x28a CMakeFiles/Robomaster_A.elf.dir/Drivers/STM32F4xx_HAL_Driver/Src/stm32f4xx_hal_rcc.c.obj
 .debug_abbrev  0x0000232e      0x22b CMakeFiles/Robomaster_A.elf.dir/Drivers/STM32F4xx_HAL_Driver/Src/stm32f4xx_hal_tim.c.obj
 .debug_abbrev  0x00002559      0x241 CMakeFiles/Robomaster_A.elf.dir/Drivers/STM32F4xx_HAL_Driver/Src/stm32f4xx_hal_tim_ex.c.obj